(agda2-status-action "")
(agda2-info-action "*Type-checking*" "" nil)
(agda2-highlight-clear)
(agda2-status-action "")
(agda2-info-action "*All Goals*" "?0 : Nat ?1 : Nat " nil)
((last . 1) . (agda2-goals-action '(0 1)))
(agda2-give-action 0 "? + ?")
(agda2-status-action "")
(agda2-info-action "*All Goals*" "?1 : Nat ?2 : Nat ?3 : Nat " nil)
((last . 1) . (agda2-goals-action '(2 3 1)))
(agda2-give-action 1 "5")
(agda2-status-action "")
(agda2-info-action "*All Goals*" "?2 : Nat ?3 : Nat " nil)
((last . 1) . (agda2-goals-action '(2 3)))
