(agda2-status-action "")
(agda2-info-action "*Type-checking*" "" nil)
(agda2-highlight-clear)
(agda2-highlight-add-annotations '(1 4 (symbol)) '(5 12 (keyword)) '(13 25 (option)) '(26 29 (symbol)) '(31 37 (keyword)) '(57 62 (keyword)) '(64 70 (keyword)) '(79 80 (symbol)) '(81 85 (primitivetype)) '(86 91 (keyword)) '(94 99 (keyword)) '(112 113 (symbol)) '(114 118 (primitivetype)) '(119 123 (keyword)) '(136 137 (symbol)) '(157 158 (symbol)) '(159 162 (primitivetype)) '(166 220 (comment)) '(227 228 (symbol)) '(237 238 (symbol)) '(239 243 (primitivetype)) '(251 252 (symbol)) '(264 318 (comment)))
(agda2-highlight-add-annotations '(31 37 (keyword)) '(38 56 (module) nil ("HighlightCopattern.agda" . 1)) '(57 62 (keyword)) '(71 78 (record) nil ("HighlightCopattern.agda" . 71)) '(104 111 (field) nil ("HighlightCopattern.agda" . 104)) '(124 131 (module) nil ("HighlightCopattern.agda" . 71)) '(133 135 (function) nil ("HighlightCopattern.agda" . 133)) '(138 145 (record) nil ("HighlightCopattern.agda" . 71)) '(146 153 (field) nil ("HighlightCopattern.agda" . 104)) '(154 156 (function) nil ("HighlightCopattern.agda" . 133)) '(222 226 (function) nil ("HighlightCopattern.agda" . 222)) '(229 236 (record) nil ("HighlightCopattern.agda" . 71)) '(244 248 (function) nil ("HighlightCopattern.agda" . 222)) '(249 250 (bound) nil ("HighlightCopattern.agda" . 249)) '(253 260 (field) nil ("HighlightCopattern.agda" . 104)) '(261 262 (bound) nil ("HighlightCopattern.agda" . 249)))
(agda2-highlight-add-annotations '(71 78 (record) nil ("HighlightCopattern.agda" . 71)) '(79 80 (symbol)) '(81 85 (primitivetype)))
(agda2-highlight-add-annotations '(64 70 (keyword)) '(71 78 (record) nil ("HighlightCopattern.agda" . 71)) '(86 91 (keyword)) '(94 99 (keyword)) '(104 111 (field) nil ("HighlightCopattern.agda" . 104)) '(112 113 (symbol)) '(114 118 (primitivetype)))
(agda2-highlight-add-annotations '(124 131 (module) nil ("HighlightCopattern.agda" . 71)))
(agda2-highlight-add-annotations '(133 135 (function) nil ("HighlightCopattern.agda" . 133)) '(136 137 (symbol)) '(138 145 (record) nil ("HighlightCopattern.agda" . 71)))
(agda2-highlight-add-annotations '(133 135 (function) nil ("HighlightCopattern.agda" . 133)) '(146 153 (field) nil ("HighlightCopattern.agda" . 104)) '(154 156 (function) nil ("HighlightCopattern.agda" . 133)) '(157 158 (symbol)) '(159 162 (primitivetype)))
(agda2-highlight-add-annotations '(222 226 (function) nil ("HighlightCopattern.agda" . 222)) '(227 228 (symbol)) '(229 236 (record) nil ("HighlightCopattern.agda" . 71)) '(237 238 (symbol)) '(239 243 (primitivetype)))
(agda2-highlight-add-annotations '(222 226 (function) nil ("HighlightCopattern.agda" . 222)) '(244 248 (function) nil ("HighlightCopattern.agda" . 222)) '(249 250 (bound) nil ("HighlightCopattern.agda" . 249)) '(251 252 (symbol)) '(253 260 (field) nil ("HighlightCopattern.agda" . 104)) '(261 262 (bound) nil ("HighlightCopattern.agda" . 249)))
(agda2-highlight-add-annotations '(31 37 (keyword)) '(38 56 (module) nil ("HighlightCopattern.agda" . 1)) '(57 62 (keyword)))
(agda2-highlight-add-annotations '(1 4 (symbol)) '(5 12 (keyword)) '(13 25 (option)) '(26 29 (symbol)) '(119 123 (keyword)) '(166 220 (comment)) '(264 318 (comment)))
(agda2-status-action "Checked")
(agda2-info-action "*All Done*" "" nil)
((last . 1) . (agda2-goals-action '()))
