(agda2-status-action "")
(agda2-info-action "*Type-checking*" "" nil)
(agda2-highlight-clear)
(agda2-highlight-add-annotations '(1 7 (keyword)) '(21 26 (keyword)) '(36 37 (symbol)) '(38 42 (primitivetype)) '(51 52 (symbol)) '(53 57 (primitivetype)) '(59 65 (keyword)) '(68 69 (symbol)) '(71 72 (symbol)) '(73 76 (primitivetype)) '(76 77 (symbol)) '(78 79 (symbol)) '(88 93 (keyword)) '(96 107 (keyword)) '(115 120 (keyword)) '(123 124 (symbol)) '(125 128 (primitivetype)) '(134 135 (symbol)) '(136 139 (primitivetype)) '(140 141 (symbol)) '(142 145 (primitivetype)) '(146 147 (symbol)) '(148 151 (primitivetype)) '(160 161 (symbol)) '(167 172 (keyword)) '(175 176 (symbol)) '(183 184 (symbol)) '(185 188 (primitivetype)) '(192 237 (comment)) '(242 243 (symbol)) '(250 251 (symbol)) '(252 255 (primitivetype)) '(260 261 (symbol)) '(265 274 (keyword)) '(277 278 (symbol)) '(279 280 (symbol)) '(282 286 (keyword)) '(287 293 (keyword)) '(310 314 (keyword)) '(317 318 (symbol)) '(320 321 (symbol)) '(322 325 (primitivetype)) '(325 326 (symbol)) '(327 328 (symbol)) '(337 342 (keyword)) '(347 348 (symbol)) '(349 352 (keyword)) '(355 356 (symbol)) '(359 361 (keyword)) '(367 376 (keyword)) '(385 386 (symbol)) '(387 390 (primitivetype)) '(391 392 (symbol)) '(393 396 (primitivetype)) '(397 398 (symbol)) '(399 402 (primitivetype)) '(404 410 (keyword)) '(411 412 (number)) '(423 486 (comment)) '(489 511 (comment)))
(agda2-highlight-add-annotations '(1 7 (keyword)) '(8 20 (module) nil ("Highlighting.agda" . 1)) '(21 26 (keyword)) '(28 35 (function) nil ("Highlighting.agda" . 28)) '(43 50 (function) nil ("Highlighting.agda" . 28)) '(66 67 (record) nil ("Highlighting.agda" . 66)) '(69 70 (bound) nil ("Highlighting.agda" . 69)) '(80 87 (function) nil ("Highlighting.agda" . 28)) '(108 111 (inductiveconstructor) nil ("Highlighting.agda" . 108)) '(121 122 (field) nil ("Highlighting.agda" . 121)) '(132 133 (bound) nil ("Highlighting.agda" . 132)) '(154 155 (bound) nil ("Highlighting.agda" . 132)) '(156 157 (bound) nil ("Highlighting.agda" . 156)) '(158 159 (bound) nil ("Highlighting.agda" . 158)) '(162 163 (bound) nil ("Highlighting.agda" . 158)) '(173 174 (field) nil ("Highlighting.agda" . 173)) '(177 178 (bound) nil ("Highlighting.agda" . 132)) '(179 180 (bound) nil ("Highlighting.agda" . 69)) '(181 182 (bound) nil ("Highlighting.agda" . 121)) '(240 241 (function) nil ("Highlighting.agda" . 240)) '(244 245 (function) nil ("Highlighting.agda" . 132)) '(246 247 (bound) nil ("Highlighting.agda" . 69)) '(248 249 (field) nil ("Highlighting.agda" . 121)) '(258 259 (function) nil ("Highlighting.agda" . 240)) '(262 263 (function) nil ("Highlighting.agda" . 240)) '(275 276 (postulate) nil ("Highlighting.agda" . 275)) '(294 308 (module) nil ("Highlighting/M.agda" . 1)) '(315 316 (datatype) nil ("Highlighting.agda" . 315)) '(318 319 (bound) nil ("Highlighting.agda" . 318)) '(329 336 (function) nil ("Highlighting.agda" . 28)) '(345 346 (inductiveconstructor) nil ("Highlighting.agda" . 345)) '(353 354 (bound) nil ("Highlighting.agda" . 353)) '(357 358 (datatype) nil ("Highlighting.agda" . 315)) '(362 363 (bound) nil ("Highlighting.agda" . 353)) '(364 365 (bound) nil ("Highlighting.agda" . 318)) '(377 380 (postulate operator) nil ("Highlighting.agda" . 377)) '(381 384 (postulate operator) nil ("Highlighting.agda" . 381)) '(413 416 (postulate operator) nil ("Highlighting.agda" . 381)) '(417 420 (postulate operator) nil ("Highlighting.agda" . 377)))
(agda2-highlight-add-annotations '(28 35 (function) nil ("Highlighting.agda" . 28)) '(36 37 (symbol)) '(38 42 (primitivetype)))
(agda2-highlight-add-annotations '(28 35 (function) nil ("Highlighting.agda" . 28)) '(43 50 (function) nil ("Highlighting.agda" . 28)) '(51 52 (symbol)) '(53 57 (primitivetype)))
(agda2-highlight-add-annotations '(66 67 (record) nil ("Highlighting.agda" . 66)) '(68 69 (symbol)) '(69 70 (bound) nil ("Highlighting.agda" . 69)) '(71 72 (symbol)) '(73 76 (primitivetype)) '(76 77 (symbol)) '(78 79 (symbol)) '(80 87 (function) nil ("Highlighting.agda" . 28)))
(agda2-highlight-add-annotations '(59 65 (keyword)) '(66 67 (record) nil ("Highlighting.agda" . 66)) '(88 93 (keyword)) '(96 107 (keyword)) '(108 111 (inductiveconstructor) nil ("Highlighting.agda" . 108)) '(115 120 (keyword)) '(121 122 (field) nil ("Highlighting.agda" . 121)) '(123 124 (symbol)) '(125 128 (primitivetype)) '(134 135 (symbol)) '(136 139 (primitivetype)) '(140 141 (symbol)) '(142 145 (primitivetype)) '(146 147 (symbol)) '(148 151 (primitivetype)) '(160 161 (symbol)) '(167 172 (keyword)) '(173 174 (field) nil ("Highlighting.agda" . 173)) '(175 176 (symbol)) '(177 178 (function) nil ("Highlighting.agda" . 132)) '(179 180 (bound) nil ("Highlighting.agda" . 69)) '(181 182 (field) nil ("Highlighting.agda" . 121)) '(183 184 (symbol)) '(185 188 (primitivetype)) '(192 237 (comment)) '(242 243 (symbol)) '(250 251 (symbol)) '(252 255 (primitivetype)) '(260 261 (symbol)))
(agda2-highlight-add-annotations '(240 241 (terminationproblem)) '(262 263 (terminationproblem)) '(275 276 (postulate) nil ("Highlighting.agda" . 275)) '(277 278 (symbol)) '(279 280 (symbol)))
(agda2-highlight-add-annotations '(240 241 (terminationproblem)) '(262 263 (terminationproblem)) '(294 308 (module) nil ("Highlighting/M.agda" . 1)))
(agda2-highlight-add-annotations '(240 241 (terminationproblem)) '(262 263 (terminationproblem)) '(315 316 (datatype) nil ("Highlighting.agda" . 315)) '(317 318 (symbol)) '(318 319 (bound) nil ("Highlighting.agda" . 318)) '(320 321 (symbol)) '(322 325 (primitivetype)) '(325 326 (symbol)) '(327 328 (symbol)) '(329 336 (function) nil ("Highlighting.agda" . 28)))
(agda2-highlight-add-annotations '(240 241 (terminationproblem)) '(262 263 (terminationproblem)) '(310 314 (keyword)) '(315 316 (datatype) nil ("Highlighting.agda" . 315)) '(318 319 (bound) nil ("Highlighting.agda" . 318)) '(337 342 (keyword)) '(345 346 (inductiveconstructor) nil ("Highlighting.agda" . 345)) '(347 348 (symbol)) '(349 352 (keyword)) '(353 354 (bound) nil ("Highlighting.agda" . 353)) '(355 356 (symbol)) '(357 358 (datatype) nil ("Highlighting.agda" . 315)) '(359 361 (keyword)) '(362 363 (bound) nil ("Highlighting.agda" . 353)) '(364 365 (bound) nil ("Highlighting.agda" . 318)))
(agda2-highlight-add-annotations '(240 241 (terminationproblem)) '(262 263 (terminationproblem)) '(377 380 (postulate operator) nil ("Highlighting.agda" . 377)) '(385 386 (symbol)) '(387 390 (primitivetype)) '(391 392 (symbol)) '(393 396 (primitivetype)) '(397 398 (symbol)) '(399 402 (primitivetype)) '(417 420 (postulate operator) nil ("Highlighting.agda" . 377)))
(agda2-highlight-add-annotations '(240 241 (terminationproblem)) '(262 263 (terminationproblem)) '(381 384 (postulate operator) nil ("Highlighting.agda" . 381)) '(413 416 (postulate operator) nil ("Highlighting.agda" . 381)))
(agda2-highlight-add-annotations '(1 7 (keyword)) '(8 20 (module) nil ("Highlighting.agda" . 1)) '(21 26 (keyword)) '(240 241 (terminationproblem)) '(262 263 (terminationproblem)))
(agda2-highlight-add-annotations '(265 274 (keyword)) '(282 286 (keyword)) '(287 293 (keyword)) '(367 376 (keyword)) '(404 410 (keyword)) '(411 412 (number)) '(423 486 (comment)) '(489 511 (comment)))
(agda2-highlight-add-annotations '(279 280 (unsolvedmeta)))
(agda2-status-action "")
(agda2-info-action "*All Goals, Errors*" "Sort _4 [ at Highlighting.agda:20,15-16 ] _5 : _4 [ at Highlighting.agda:20,15-16 ] ———— Errors ———————————————————————————————————————————————— Highlighting.agda:6,1-18,8 Termination checking failed for the following functions: R.Q Problematic calls: Q (at Highlighting.agda:18,7-8) " nil)
((last . 1) . (agda2-goals-action '()))
