(agda2-status-action "")
(agda2-info-action "*Type-checking*" "" nil)
(agda2-highlight-clear)
(agda2-highlight-add-annotations '(1 7 (keyword)) '(28 33 (keyword)) '(35 39 (keyword)) '(42 43 (symbol)) '(44 47 (primitivetype)) '(48 53 (keyword)) '(60 61 (symbol)) '(62 63 (symbol)) '(65 67 (symbol)) '(69 70 (symbol)) '(71 73 (symbol)) '(77 81 (keyword)) '(84 85 (symbol)) '(86 89 (primitivetype)) '(90 94 (keyword)) '(97 98 (symbol)) '(99 102 (primitivetype)) '(104 108 (keyword)) '(111 116 (keyword)) '(123 124 (symbol)) '(125 126 (symbol)) '(128 130 (symbol)) '(132 133 (symbol)) '(134 136 (symbol)) '(140 144 (keyword)) '(147 152 (keyword)) '(159 160 (symbol)) '(163 165 (symbol)) '(169 175 (keyword)) '(178 179 (symbol)) '(180 183 (primitivetype)) '(184 189 (keyword)) '(192 201 (keyword)) '(204 209 (keyword)) '(219 220 (symbol)) '(223 225 (symbol)) '(234 235 (symbol)) '(236 239 (primitivetype)) '(240 242 (symbol)) '(243 246 (primitivetype)) '(254 255 (symbol)) '(258 260 (symbol)) '(264 268 (keyword)) '(271 272 (symbol)) '(273 276 (primitivetype)) '(277 282 (keyword)) '(289 290 (symbol)) '(298 300 (symbol)) '(304 308 (keyword)) '(311 312 (symbol)) '(314 315 (symbol)) '(316 319 (primitivetype)) '(320 322 (symbol)) '(323 326 (primitivetype)) '(326 327 (symbol)) '(328 329 (symbol)) '(330 333 (primitivetype)) '(334 339 (keyword)) '(346 347 (symbol)) '(350 351 (symbol)) '(354 355 (symbol)) '(356 358 (symbol)) '(364 368 (keyword)) '(369 375 (keyword)) '(395 399 (keyword)) '(403 404 (symbol)) '(405 408 (primitivetype)) '(412 413 (symbol)) '(419 421 (symbol)) '(422 425 (primitivetype)) '(427 431 (keyword)) '(435 440 (keyword)) '(448 449 (symbol)) '(450 451 (symbol)) '(454 455 (symbol)) '(461 463 (symbol)) '(477 478 (symbol)) '(492 493 (symbol)) '(497 499 (symbol)) '(506 510 (keyword)) '(511 517 (keyword)) '(541 545 (keyword)) '(548 549 (symbol)) '(550 553 (primitivetype)) '(554 559 (keyword)) '(566 567 (symbol)) '(568 569 (symbol)) '(572 573 (symbol)) '(578 579 (symbol)) '(579 580 (symbol)) '(581 582 (symbol)) '(584 585 (symbol)) '(587 588 (symbol)) '(589 590 (symbol)) '(592 593 (symbol)) '(594 596 (symbol)) '(599 628 (comment)) '(668 696 (comment)))
(agda2-highlight-add-annotations '(1 7 (keyword)) '(8 27 (module) nil ("HighlightPositivity.agda" . 1)) '(28 33 (keyword)) '(40 41 (datatype) nil ("HighlightPositivity.agda" . 40)) '(56 59 (inductiveconstructor) nil ("HighlightPositivity.agda" . 56)) '(63 64 (datatype) nil ("HighlightPositivity.agda" . 40)) '(68 69 (datatype) nil ("HighlightPositivity.agda" . 40)) '(74 75 (datatype) nil ("HighlightPositivity.agda" . 40)) '(82 83 (datatype) nil ("HighlightPositivity.agda" . 82)) '(95 96 (datatype) nil ("HighlightPositivity.agda" . 95)) '(109 110 (datatype) nil ("HighlightPositivity.agda" . 82)) '(119 122 (inductiveconstructor) nil ("HighlightPositivity.agda" . 119)) '(126 127 (datatype) nil ("HighlightPositivity.agda" . 95)) '(131 132 (datatype) nil ("HighlightPositivity.agda" . 82)) '(137 138 (datatype) nil ("HighlightPositivity.agda" . 82)) '(145 146 (datatype) nil ("HighlightPositivity.agda" . 95)) '(155 158 (inductiveconstructor) nil ("HighlightPositivity.agda" . 155)) '(161 162 (datatype) nil ("HighlightPositivity.agda" . 82)) '(166 167 (datatype) nil ("HighlightPositivity.agda" . 95)) '(176 177 (record) nil ("HighlightPositivity.agda" . 176)) '(214 218 (field) nil ("HighlightPositivity.agda" . 214)) '(221 222 (record) nil ("HighlightPositivity.agda" . 176)) '(226 227 (record) nil ("HighlightPositivity.agda" . 176)) '(229 233 (function) nil ("HighlightPositivity.agda" . 229)) '(247 251 (function) nil ("HighlightPositivity.agda" . 229)) '(252 253 (bound) nil ("HighlightPositivity.agda" . 252)) '(256 257 (bound) nil ("HighlightPositivity.agda" . 252)) '(261 262 (bound) nil ("HighlightPositivity.agda" . 252)) '(269 270 (datatype) nil ("HighlightPositivity.agda" . 269)) '(285 288 (inductiveconstructor) nil ("HighlightPositivity.agda" . 285)) '(291 295 (function) nil ("HighlightPositivity.agda" . 229)) '(296 297 (datatype) nil ("HighlightPositivity.agda" . 269)) '(301 302 (datatype) nil ("HighlightPositivity.agda" . 269)) '(309 310 (datatype) nil ("HighlightPositivity.agda" . 309)) '(312 313 (bound) nil ("HighlightPositivity.agda" . 312)) '(342 345 (inductiveconstructor) nil ("HighlightPositivity.agda" . 342)) '(348 349 (bound) nil ("HighlightPositivity.agda" . 312)) '(351 352 (datatype) nil ("HighlightPositivity.agda" . 309)) '(353 354 (bound) nil ("HighlightPositivity.agda" . 312)) '(359 360 (datatype) nil ("HighlightPositivity.agda" . 309)) '(361 362 (bound) nil ("HighlightPositivity.agda" . 312)) '(376 393 (module) nil ("agda-default-include-path/Agda/Builtin/Bool.agda" . 1)) '(400 402 (datatype) nil ("HighlightPositivity.agda" . 400)) '(409 411 (function) nil ("HighlightPositivity.agda" . 409)) '(414 418 (datatype) nil ("agda-default-include-path/Agda/Builtin/Bool.agda" . 67)) '(432 434 (datatype) nil ("HighlightPositivity.agda" . 400)) '(443 447 (inductiveconstructor) nil ("HighlightPositivity.agda" . 443)) '(452 453 (bound) nil ("HighlightPositivity.agda" . 452)) '(456 458 (function) nil ("HighlightPositivity.agda" . 409)) '(459 460 (bound) nil ("HighlightPositivity.agda" . 452)) '(464 466 (datatype) nil ("HighlightPositivity.agda" . 400)) '(468 470 (function) nil ("HighlightPositivity.agda" . 409)) '(471 476 (inductiveconstructor) nil ("agda-default-include-path/Agda/Builtin/Bool.agda" . 86)) '(479 483 (datatype) nil ("agda-default-include-path/Agda/Builtin/Bool.agda" . 67)) '(484 486 (function) nil ("HighlightPositivity.agda" . 409)) '(487 491 (inductiveconstructor) nil ("agda-default-include-path/Agda/Builtin/Bool.agda" . 92)) '(494 496 (datatype) nil ("HighlightPositivity.agda" . 400)) '(500 504 (datatype) nil ("agda-default-include-path/Agda/Builtin/Bool.agda" . 67)) '(518 539 (module) nil ("agda-default-include-path/Agda/Builtin/Equality.agda" . 1)) '(546 547 (datatype) nil ("HighlightPositivity.agda" . 546)) '(562 565 (inductiveconstructor) nil ("HighlightPositivity.agda" . 562)) '(570 571 (bound) nil ("HighlightPositivity.agda" . 570)) '(574 575 (bound) nil ("HighlightPositivity.agda" . 570)) '(576 577 (datatype operator) nil ("agda-default-include-path/Agda/Builtin/Equality.agda" . 83)) '(582 583 (bound) nil ("HighlightPositivity.agda" . 582)) '(586 587 (datatype) nil ("HighlightPositivity.agda" . 546)) '(591 592 (bound) nil ("HighlightPositivity.agda" . 582)) '(597 598 (datatype) nil ("HighlightPositivity.agda" . 546)))
(agda2-highlight-add-annotations '(40 41 (datatype) nil ("HighlightPositivity.agda" . 40)) '(42 43 (symbol)) '(44 47 (primitivetype)))
(agda2-highlight-add-annotations '(35 39 (keyword)) '(40 41 (datatype) nil ("HighlightPositivity.agda" . 40)) '(48 53 (keyword)) '(56 59 (inductiveconstructor) nil ("HighlightPositivity.agda" . 56)) '(60 61 (symbol)) '(62 63 (symbol)) '(63 64 (datatype) nil ("HighlightPositivity.agda" . 40)) '(65 67 (symbol)) '(68 69 (datatype) nil ("HighlightPositivity.agda" . 40)) '(69 70 (symbol)) '(71 73 (symbol)) '(74 75 (datatype) nil ("HighlightPositivity.agda" . 40)))
(agda2-highlight-add-annotations '(40 41 (positivityproblem)) '(63 64 (positivityproblem)) '(82 83 (datatype) nil ("HighlightPositivity.agda" . 82)) '(84 85 (symbol)) '(86 89 (primitivetype)))
(agda2-highlight-add-annotations '(40 41 (positivityproblem)) '(63 64 (positivityproblem)) '(95 96 (datatype) nil ("HighlightPositivity.agda" . 95)) '(97 98 (symbol)) '(99 102 (primitivetype)))
(agda2-highlight-add-annotations '(40 41 (positivityproblem)) '(63 64 (positivityproblem)) '(104 108 (keyword)) '(109 110 (datatype) nil ("HighlightPositivity.agda" . 82)) '(111 116 (keyword)) '(119 122 (inductiveconstructor) nil ("HighlightPositivity.agda" . 119)) '(123 124 (symbol)) '(125 126 (symbol)) '(126 127 (datatype) nil ("HighlightPositivity.agda" . 95)) '(128 130 (symbol)) '(131 132 (datatype) nil ("HighlightPositivity.agda" . 82)) '(132 133 (symbol)) '(134 136 (symbol)) '(137 138 (datatype) nil ("HighlightPositivity.agda" . 82)))
(agda2-highlight-add-annotations '(40 41 (positivityproblem)) '(63 64 (positivityproblem)) '(140 144 (keyword)) '(145 146 (datatype) nil ("HighlightPositivity.agda" . 95)) '(147 152 (keyword)) '(155 158 (inductiveconstructor) nil ("HighlightPositivity.agda" . 155)) '(159 160 (symbol)) '(161 162 (datatype) nil ("HighlightPositivity.agda" . 82)) '(163 165 (symbol)) '(166 167 (datatype) nil ("HighlightPositivity.agda" . 95)))
(agda2-highlight-add-annotations '(40 41 (positivityproblem)) '(63 64 (positivityproblem)) '(109 110 (positivityproblem)) '(126 127 (positivityproblem)) '(145 146 (positivityproblem)) '(161 162 (positivityproblem)) '(176 177 (record) nil ("HighlightPositivity.agda" . 176)) '(178 179 (symbol)) '(180 183 (primitivetype)))
(agda2-highlight-add-annotations '(40 41 (positivityproblem)) '(63 64 (positivityproblem)) '(109 110 (positivityproblem)) '(126 127 (positivityproblem)) '(145 146 (positivityproblem)) '(161 162 (positivityproblem)) '(169 175 (keyword)) '(176 177 (record) nil ("HighlightPositivity.agda" . 176)) '(184 189 (keyword)) '(192 201 (keyword)) '(204 209 (keyword)) '(214 218 (field) nil ("HighlightPositivity.agda" . 214)) '(219 220 (symbol)) '(221 222 (record) nil ("HighlightPositivity.agda" . 176)) '(223 225 (symbol)) '(226 227 (record) nil ("HighlightPositivity.agda" . 176)))
(agda2-highlight-add-annotations '(40 41 (positivityproblem)) '(63 64 (positivityproblem)) '(109 110 (positivityproblem)) '(126 127 (positivityproblem)) '(145 146 (positivityproblem)) '(161 162 (positivityproblem)) '(176 177 (positivityproblem)) '(221 222 (positivityproblem)) '(229 233 (function) nil ("HighlightPositivity.agda" . 229)) '(234 235 (symbol)) '(236 239 (primitivetype)) '(240 242 (symbol)) '(243 246 (primitivetype)))
(agda2-highlight-add-annotations '(40 41 (positivityproblem)) '(63 64 (positivityproblem)) '(109 110 (positivityproblem)) '(126 127 (positivityproblem)) '(145 146 (positivityproblem)) '(161 162 (positivityproblem)) '(176 177 (positivityproblem)) '(221 222 (positivityproblem)) '(229 233 (function) nil ("HighlightPositivity.agda" . 229)) '(247 251 (function) nil ("HighlightPositivity.agda" . 229)) '(252 253 (bound) nil ("HighlightPositivity.agda" . 252)) '(254 255 (symbol)) '(256 257 (bound) nil ("HighlightPositivity.agda" . 252)) '(258 260 (symbol)) '(261 262 (bound) nil ("HighlightPositivity.agda" . 252)))
(agda2-highlight-add-annotations '(40 41 (positivityproblem)) '(63 64 (positivityproblem)) '(109 110 (positivityproblem)) '(126 127 (positivityproblem)) '(145 146 (positivityproblem)) '(161 162 (positivityproblem)) '(176 177 (positivityproblem)) '(221 222 (positivityproblem)) '(269 270 (datatype) nil ("HighlightPositivity.agda" . 269)) '(271 272 (symbol)) '(273 276 (primitivetype)))
(agda2-highlight-add-annotations '(40 41 (positivityproblem)) '(63 64 (positivityproblem)) '(109 110 (positivityproblem)) '(126 127 (positivityproblem)) '(145 146 (positivityproblem)) '(161 162 (positivityproblem)) '(176 177 (positivityproblem)) '(221 222 (positivityproblem)) '(264 268 (keyword)) '(269 270 (datatype) nil ("HighlightPositivity.agda" . 269)) '(277 282 (keyword)) '(285 288 (inductiveconstructor) nil ("HighlightPositivity.agda" . 285)) '(289 290 (symbol)) '(291 295 (function) nil ("HighlightPositivity.agda" . 229)) '(296 297 (datatype) nil ("HighlightPositivity.agda" . 269)) '(298 300 (symbol)) '(301 302 (datatype) nil ("HighlightPositivity.agda" . 269)))
(agda2-highlight-add-annotations '(40 41 (positivityproblem)) '(63 64 (positivityproblem)) '(109 110 (positivityproblem)) '(126 127 (positivityproblem)) '(145 146 (positivityproblem)) '(161 162 (positivityproblem)) '(176 177 (positivityproblem)) '(221 222 (positivityproblem)) '(269 270 (positivityproblem)) '(296 297 (positivityproblem)) '(309 310 (datatype) nil ("HighlightPositivity.agda" . 309)) '(311 312 (symbol)) '(312 313 (bound) nil ("HighlightPositivity.agda" . 312)) '(314 315 (symbol)) '(316 319 (primitivetype)) '(320 322 (symbol)) '(323 326 (primitivetype)) '(326 327 (symbol)) '(328 329 (symbol)) '(330 333 (primitivetype)))
(agda2-highlight-add-annotations '(40 41 (positivityproblem)) '(63 64 (positivityproblem)) '(109 110 (positivityproblem)) '(126 127 (positivityproblem)) '(145 146 (positivityproblem)) '(161 162 (positivityproblem)) '(176 177 (positivityproblem)) '(221 222 (positivityproblem)) '(269 270 (positivityproblem)) '(296 297 (positivityproblem)) '(304 308 (keyword)) '(309 310 (datatype) nil ("HighlightPositivity.agda" . 309)) '(312 313 (bound) nil ("HighlightPositivity.agda" . 312)) '(334 339 (keyword)) '(342 345 (inductiveconstructor) nil ("HighlightPositivity.agda" . 342)) '(346 347 (symbol)) '(348 349 (bound) nil ("HighlightPositivity.agda" . 312)) '(350 351 (symbol)) '(351 352 (datatype) nil ("HighlightPositivity.agda" . 309)) '(353 354 (bound) nil ("HighlightPositivity.agda" . 312)) '(354 355 (symbol)) '(356 358 (symbol)) '(359 360 (datatype) nil ("HighlightPositivity.agda" . 309)) '(361 362 (bound) nil ("HighlightPositivity.agda" . 312)))
(agda2-highlight-add-annotations '(40 41 (positivityproblem)) '(63 64 (positivityproblem)) '(109 110 (positivityproblem)) '(126 127 (positivityproblem)) '(145 146 (positivityproblem)) '(161 162 (positivityproblem)) '(176 177 (positivityproblem)) '(221 222 (positivityproblem)) '(269 270 (positivityproblem)) '(296 297 (positivityproblem)) '(309 310 (positivityproblem)) '(351 352 (positivityproblem)) '(376 393 (module) nil ("agda-default-include-path/Agda/Builtin/Bool.agda" . 1)))
(agda2-highlight-add-annotations '(40 41 (positivityproblem)) '(63 64 (positivityproblem)) '(109 110 (positivityproblem)) '(126 127 (positivityproblem)) '(145 146 (positivityproblem)) '(161 162 (positivityproblem)) '(176 177 (positivityproblem)) '(221 222 (positivityproblem)) '(269 270 (positivityproblem)) '(296 297 (positivityproblem)) '(309 310 (positivityproblem)) '(351 352 (positivityproblem)) '(400 402 (datatype) nil ("HighlightPositivity.agda" . 400)) '(403 404 (symbol)) '(405 408 (primitivetype)))
(agda2-highlight-add-annotations '(40 41 (positivityproblem)) '(63 64 (positivityproblem)) '(109 110 (positivityproblem)) '(126 127 (positivityproblem)) '(145 146 (positivityproblem)) '(161 162 (positivityproblem)) '(176 177 (positivityproblem)) '(221 222 (positivityproblem)) '(269 270 (positivityproblem)) '(296 297 (positivityproblem)) '(309 310 (positivityproblem)) '(351 352 (positivityproblem)) '(409 411 (function) nil ("HighlightPositivity.agda" . 409)) '(412 413 (symbol)) '(414 418 (datatype) nil ("agda-default-include-path/Agda/Builtin/Bool.agda" . 67)) '(419 421 (symbol)) '(422 425 (primitivetype)))
(agda2-highlight-add-annotations '(40 41 (positivityproblem)) '(63 64 (positivityproblem)) '(109 110 (positivityproblem)) '(126 127 (positivityproblem)) '(145 146 (positivityproblem)) '(161 162 (positivityproblem)) '(176 177 (positivityproblem)) '(221 222 (positivityproblem)) '(269 270 (positivityproblem)) '(296 297 (positivityproblem)) '(309 310 (positivityproblem)) '(351 352 (positivityproblem)) '(427 431 (keyword)) '(432 434 (datatype) nil ("HighlightPositivity.agda" . 400)) '(435 440 (keyword)) '(443 447 (inductiveconstructor) nil ("HighlightPositivity.agda" . 443)) '(448 449 (symbol)) '(450 451 (symbol)) '(452 453 (bound) nil ("HighlightPositivity.agda" . 452)) '(454 455 (symbol)) '(456 458 (function) nil ("HighlightPositivity.agda" . 409)) '(459 460 (bound) nil ("HighlightPositivity.agda" . 452)) '(461 463 (symbol)) '(464 466 (datatype) nil ("HighlightPositivity.agda" . 400)))
(agda2-highlight-add-annotations '(40 41 (positivityproblem)) '(63 64 (positivityproblem)) '(109 110 (positivityproblem)) '(126 127 (positivityproblem)) '(145 146 (positivityproblem)) '(161 162 (positivityproblem)) '(176 177 (positivityproblem)) '(221 222 (positivityproblem)) '(269 270 (positivityproblem)) '(296 297 (positivityproblem)) '(309 310 (positivityproblem)) '(351 352 (positivityproblem)) '(409 411 (function) nil ("HighlightPositivity.agda" . 409)) '(468 470 (function) nil ("HighlightPositivity.agda" . 409)) '(471 476 (inductiveconstructor) nil ("agda-default-include-path/Agda/Builtin/Bool.agda" . 86)) '(477 478 (symbol)) '(479 483 (datatype) nil ("agda-default-include-path/Agda/Builtin/Bool.agda" . 67)) '(484 486 (function) nil ("HighlightPositivity.agda" . 409)) '(487 491 (inductiveconstructor) nil ("agda-default-include-path/Agda/Builtin/Bool.agda" . 92)) '(492 493 (symbol)) '(494 496 (datatype) nil ("HighlightPositivity.agda" . 400)) '(497 499 (symbol)) '(500 504 (datatype) nil ("agda-default-include-path/Agda/Builtin/Bool.agda" . 67)))
(agda2-highlight-add-annotations '(40 41 (positivityproblem)) '(63 64 (positivityproblem)) '(109 110 (positivityproblem)) '(126 127 (positivityproblem)) '(145 146 (positivityproblem)) '(161 162 (positivityproblem)) '(176 177 (positivityproblem)) '(221 222 (positivityproblem)) '(269 270 (positivityproblem)) '(296 297 (positivityproblem)) '(309 310 (positivityproblem)) '(351 352 (positivityproblem)) '(432 434 (positivityproblem)) '(456 458 (positivityproblem)) '(494 496 (positivityproblem)) '(518 539 (module) nil ("agda-default-include-path/Agda/Builtin/Equality.agda" . 1)))
(agda2-highlight-add-annotations '(40 41 (positivityproblem)) '(63 64 (positivityproblem)) '(109 110 (positivityproblem)) '(126 127 (positivityproblem)) '(145 146 (positivityproblem)) '(161 162 (positivityproblem)) '(176 177 (positivityproblem)) '(221 222 (positivityproblem)) '(269 270 (positivityproblem)) '(296 297 (positivityproblem)) '(309 310 (positivityproblem)) '(351 352 (positivityproblem)) '(432 434 (positivityproblem)) '(456 458 (positivityproblem)) '(494 496 (positivityproblem)) '(546 547 (datatype) nil ("HighlightPositivity.agda" . 546)) '(548 549 (symbol)) '(550 553 (primitivetype)))
(agda2-highlight-add-annotations '(40 41 (positivityproblem)) '(63 64 (positivityproblem)) '(109 110 (positivityproblem)) '(126 127 (positivityproblem)) '(145 146 (positivityproblem)) '(161 162 (positivityproblem)) '(176 177 (positivityproblem)) '(221 222 (positivityproblem)) '(269 270 (positivityproblem)) '(296 297 (positivityproblem)) '(309 310 (positivityproblem)) '(351 352 (positivityproblem)) '(432 434 (positivityproblem)) '(456 458 (positivityproblem)) '(494 496 (positivityproblem)) '(541 545 (keyword)) '(546 547 (datatype) nil ("HighlightPositivity.agda" . 546)) '(554 559 (keyword)) '(562 565 (inductiveconstructor) nil ("HighlightPositivity.agda" . 562)) '(566 567 (symbol)) '(568 569 (symbol)) '(570 571 (bound) nil ("HighlightPositivity.agda" . 570)) '(572 573 (symbol)) '(574 575 (bound) nil ("HighlightPositivity.agda" . 570)) '(576 577 (datatype operator) nil ("agda-default-include-path/Agda/Builtin/Equality.agda" . 83)) '(578 579 (symbol)) '(579 580 (symbol)) '(581 582 (symbol)) '(582 583 (bound) nil ("HighlightPositivity.agda" . 582)) '(584 585 (symbol)) '(586 587 (datatype) nil ("HighlightPositivity.agda" . 546)) '(587 588 (symbol)) '(589 590 (symbol)) '(591 592 (bound) nil ("HighlightPositivity.agda" . 582)) '(592 593 (symbol)) '(594 596 (symbol)) '(597 598 (datatype) nil ("HighlightPositivity.agda" . 546)))
(agda2-highlight-add-annotations '(1 7 (keyword)) '(8 27 (module) nil ("HighlightPositivity.agda" . 1)) '(28 33 (keyword)) '(40 41 (positivityproblem)) '(63 64 (positivityproblem)) '(109 110 (positivityproblem)) '(126 127 (positivityproblem)) '(145 146 (positivityproblem)) '(161 162 (positivityproblem)) '(176 177 (positivityproblem)) '(221 222 (positivityproblem)) '(269 270 (positivityproblem)) '(296 297 (positivityproblem)) '(309 310 (positivityproblem)) '(351 352 (positivityproblem)) '(432 434 (positivityproblem)) '(456 458 (positivityproblem)) '(494 496 (positivityproblem)) '(546 547 (positivityproblem)))
(agda2-highlight-add-annotations '(77 81 (keyword)) '(90 94 (keyword)) '(364 368 (keyword)) '(369 375 (keyword)) '(395 399 (keyword)) '(506 510 (keyword)) '(511 517 (keyword)) '(599 628 (comment)) '(668 696 (comment)))
(agda2-status-action "")
(agda2-info-action "*All Errors*" "HighlightPositivity.agda:3,1-4,22 A is not strictly positive, because it occurs to the left of an arrow in the type of the constructor inA in the definition of A. HighlightPositivity.agda:6,6-13,15 B is not strictly positive, because it occurs in the type of the constructor inC in the definition of C, which occurs to the left of an arrow in the type of the constructor inB in the definition of B. HighlightPositivity.agda:6,6-13,15 C is not strictly positive, because it occurs to the left of an arrow in the type of the constructor inB in the definition of B, which occurs in the type of the constructor inC in the definition of C. HighlightPositivity.agda:15,1-18,18 D is not strictly positive, because it occurs to the left of an arrow in the definition of D. HighlightPositivity.agda:23,1-24,20 E is not strictly positive, because it occurs to the left of an arrow in the type of the constructor inE in the definition of E. HighlightPositivity.agda:26,1-27,23 F is not strictly positive, because it occurs in an argument to a bound variable in the type of the constructor inF in the definition of F. HighlightPositivity.agda:31,6-38,21 GU is not strictly positive, because it occurs to the left of an arrow in the second clause in the definition of GT, which occurs in the type of the constructor inGU in the definition of GU. HighlightPositivity.agda:42,1-43,39 H is not strictly positive, because it occurs to the left of an arrow in the type of the constructor inH in the definition of H. " nil)
((last . 1) . (agda2-goals-action '()))
