(agda2-status-action "")
(agda2-info-action "*Type-checking*" "" nil)
(agda2-highlight-clear)
(agda2-highlight-add-annotations '(2 8 (keyword)) '(18 23 (keyword)) '(27 28 (symbol)) '(29 32 (primitivetype)) '(35 36 (symbol)) '(37 38 (symbol)) '(46 47 (symbol)) '(48 51 (primitivetype)) '(58 59 (symbol)) '(60 63 (primitivetype)))
(agda2-highlight-add-annotations '(2 8 (keyword)) '(9 17 (module) nil ("Issue157.agda" . 1)) '(18 23 (keyword)) '(25 26 (function) nil ("Issue157.agda" . 25)) '(33 34 (function) nil ("Issue157.agda" . 25)) '(40 45 (function) nil ("Issue157.agda" . 40)) '(52 57 (function) nil ("Issue157.agda" . 40)))
(agda2-highlight-add-annotations '(25 26 (function) nil ("Issue157.agda" . 25)) '(27 28 (symbol)) '(29 32 (primitivetype)))
(agda2-highlight-add-annotations '(25 26 (function) nil ("Issue157.agda" . 25)) '(33 34 (function) nil ("Issue157.agda" . 25)) '(35 36 (symbol)) '(37 38 (symbol)))
(agda2-info-action "*Error*" "Issue157.agda:8,9-12 Set₁ != Set when checking that the expression Set has type Set" nil)
((last . 3) . (agda2-maybe-goto '("Issue157.agda" . 60)))
(agda2-highlight-add-annotations '(37 38 (unsolvedmeta)) '(60 63 (error) "Issue157.agda:8,9-12 Set₁ != Set when checking that the expression Set has type Set"))
(agda2-status-action "")
