(agda2-status-action "")
(agda2-info-action "*Type-checking*" "" nil)
(agda2-highlight-clear)
(agda2-highlight-add-annotations 'nil '(1 58 (comment) t) '(59 134 (comment) t) '(136 142 (keyword) t) '(143 144 (symbol) t) '(145 150 (keyword) t) '(152 158 (keyword) t) '(180 186 (keyword) t) '(187 188 (symbol) t) '(193 194 (symbol) t) '(195 234 (comment) t) '(236 240 (keyword) t) '(246 251 (keyword) t) '(252 253 (symbol) t) '(256 257 (symbol) t) '(281 324 (comment) t) '(326 332 (keyword) t) '(335 336 (symbol) t) '(338 339 (symbol) t) '(340 343 (primitivetype) t) '(343 344 (symbol) t) '(345 346 (symbol) t) '(354 359 (keyword) t) '(360 361 (symbol) t) '(364 365 (symbol) t) '(397 426 (comment) t) '(429 437 (keyword) t) '(438 439 (symbol) t) '(451 452 (symbol) t) '(472 501 (comment) t))
(agda2-highlight-add-annotations 'nil '(136 142 (keyword) t) '(143 144 (module) nil nil ("Issue1714.agda" . 1)) '(145 150 (keyword) t) '(159 171 (module) nil nil (Sigma.agda" . 1)) '(172 174 (symbol)) '(175 179 (module)) '(188 193 (field) nil nil (Sigma.agda" . 267)) '(241 245 (module) nil nil (Sigma.agda" . 1)) '(253 256 (function operator) nil nil (Sigma.agda" . 411)) '(333 334 (module) nil nil ("Issue1714.agda" . 333)) '(336 337 (bound) nil nil ("Issue1714.agda" . 336)) '(347 351 (module) nil nil (Sigma.agda" . 1)) '(361 364 (inductiveconstructor operator) nil nil (Sigma.agda" . 251)) '(439 444 (field) nil nil (Sigma.agda" . 281)) '(445 447 (symbol)) '(448 451 (field) nil nil (Sigma.agda" . 281)))
(agda2-highlight-add-annotations 'nil '(159 171 (module) nil nil (Sigma.agda" . 1)) '(172 174 (symbol)) '(175 179 (module)) '(180 186 (keyword) t) '(187 188 (symbol) t) '(188 193 (field) nil nil (Sigma.agda" . 267)) '(193 194 (symbol) t))
(agda2-highlight-add-annotations 'nil '(241 245 (module) nil nil (Sigma.agda" . 1)) '(246 251 (keyword) t) '(252 253 (symbol) t) '(253 256 (function operator) nil nil (Sigma.agda" . 411)) '(256 257 (symbol) t))
(agda2-highlight-add-annotations 'nil '(326 332 (keyword) t) '(333 334 (module) nil nil ("Issue1714.agda" . 333)) '(335 336 (symbol) t) '(336 337 (bound) nil nil ("Issue1714.agda" . 336)) '(338 339 (symbol) t) '(340 343 (primitivetype) t) '(343 344 (symbol) t) '(345 346 (symbol) t) '(347 351 (module) nil nil (Sigma.agda" . 1)) '(354 359 (keyword) t) '(360 361 (symbol) t) '(361 364 (inductiveconstructor operator) nil nil (Sigma.agda" . 251)) '(364 365 (symbol) t) '(397 426 (comment) t) '(429 437 (keyword) t) '(438 439 (symbol) t) '(439 444 (field) nil nil (Sigma.agda" . 281)) '(445 447 (symbol)) '(448 451 (field) nil nil (Sigma.agda" . 281)) '(451 452 (symbol) t))
(agda2-highlight-add-annotations 'nil '(136 142 (keyword) t) '(143 144 (module) nil nil ("Issue1714.agda" . 1)) '(145 150 (keyword) t))
(agda2-highlight-add-annotations 'nil '(1 58 (comment) t) '(59 134 (comment) t) '(152 158 (keyword) t) '(195 234 (comment) t) '(236 240 (keyword) t) '(281 324 (comment) t) '(472 501 (comment) t))
(agda2-status-action "Checked")
(agda2-info-action "*All Done*" "" nil)
((last . 1) . (agda2-goals-action '()))
