(agda2-status-action "")
(agda2-info-action "*Type-checking*" "" nil)
(agda2-highlight-clear)
(agda2-highlight-add-annotations '(2 8 (keyword)) '(19 24 (keyword)) '(26 35 (keyword)) '(42 43 (symbol)) '(44 47 (primitivetype)) '(54 55 (symbol)) '(58 59 (symbol)) '(62 63 (symbol)) '(64 67 (primitivetype)) '(74 75 (symbol)) '(76 77 (symbol)) '(78 79 (symbol)) '(82 83 (symbol)) '(84 85 (symbol)) '(92 93 (symbol)))
(agda2-highlight-add-annotations '(2 8 (keyword)) '(9 18 (module) nil ("Issue157b.agda" . 1)) '(19 24 (keyword)) '(38 39 (postulate) nil ("Issue157b.agda" . 38)) '(40 41 (postulate) nil ("Issue157b.agda" . 40)) '(50 51 (postulate) nil ("Issue157b.agda" . 50)) '(56 57 (postulate) nil ("Issue157b.agda" . 38)) '(60 61 (postulate) nil ("Issue157b.agda" . 40)) '(70 73 (postulate) nil ("Issue157b.agda" . 70)) '(79 80 (bound) nil ("Issue157b.agda" . 79)) '(81 82 (bound) nil ("Issue157b.agda" . 81)) '(86 87 (postulate) nil ("Issue157b.agda" . 50)) '(88 89 (bound) nil ("Issue157b.agda" . 79)) '(90 91 (bound) nil ("Issue157b.agda" . 81)) '(94 95 (postulate) nil ("Issue157b.agda" . 50)) '(96 97 (bound) nil ("Issue157b.agda" . 81)))
(agda2-highlight-add-annotations '(38 39 (postulate) nil ("Issue157b.agda" . 38)) '(42 43 (symbol)) '(44 47 (primitivetype)))
(agda2-highlight-add-annotations '(40 41 (postulate) nil ("Issue157b.agda" . 40)))
(agda2-highlight-add-annotations '(50 51 (postulate) nil ("Issue157b.agda" . 50)) '(54 55 (symbol)) '(56 57 (postulate) nil ("Issue157b.agda" . 38)) '(58 59 (symbol)) '(60 61 (postulate) nil ("Issue157b.agda" . 40)) '(62 63 (symbol)) '(64 67 (primitivetype)))
(agda2-info-action "*Error*" "Issue157b.agda:7,27-30 B → Set !=< Set of type Set₁ when checking that the inferred type of an application B → Set matches the expected type Set" nil)
((last . 3) . (agda2-maybe-goto '("Issue157b.agda" . 94)))
(agda2-highlight-add-annotations '(94 95 (error) "Issue157b.agda:7,27-30 B → Set !=< Set of type Set₁ when checking that the inferred type of an application B → Set matches the expected type Set") '(95 96 ()) '(96 97 (error) "Issue157b.agda:7,27-30 B → Set !=< Set of type Set₁ when checking that the inferred type of an application B → Set matches the expected type Set"))
(agda2-status-action "")
