(agda2-status-action "")
(agda2-info-action "*Agda Version*" "Agda version 2.5.3.20180526" nil)
