(agda2-status-action "")
(agda2-info-action "*Type-checking*" "" nil)
(agda2-highlight-clear)
(agda2-highlight-add-annotations '(1 5 (keyword)) '(8 9 (symbol)) '(10 13 (primitivetype)) '(14 19 (keyword)) '(21 27 (keyword)) '(30 31 (symbol)) '(32 35 (primitivetype)) '(36 41 (keyword)) '(44 55 (keyword)) '(60 65 (keyword)) '(68 69 (symbol)) '(73 79 (keyword)) '(83 84 (symbol)) '(85 88 (primitivetype)) '(89 94 (keyword)) '(97 108 (keyword)) '(111 122 (keyword)) '(127 132 (keyword)) '(135 136 (symbol)) '(143 144 (symbol)) '(147 148 (symbol)) '(155 156 (symbol)) '(157 160 (keyword)) '(165 166 (symbol)) '(169 171 (keyword)))
(agda2-highlight-add-annotations '(6 7 (datatype) nil ("Issue1064.agda" . 6)) '(28 29 (record) nil ("Issue1064.agda" . 28)) '(56 57 (inductiveconstructor) nil ("Issue1064.agda" . 56)) '(66 67 (field) nil ("Issue1064.agda" . 66)) '(70 71 (datatype) nil ("Issue1064.agda" . 6)) '(80 82 (record) nil ("Issue1064.agda" . 80)) '(123 124 (inductiveconstructor) nil ("Issue1064.agda" . 123)) '(133 134 (field) nil ("Issue1064.agda" . 133)) '(137 139 (record) nil ("Issue1064.agda" . 80)) '(141 142 (function) nil ("Issue1064.agda" . 141)) '(145 146 (record) nil ("Issue1064.agda" . 28)) '(149 150 (datatype) nil ("Issue1064.agda" . 6)) '(151 152 (function) nil ("Issue1064.agda" . 141)) '(153 154 (bound) nil ("Issue1064.agda" . 153)) '(161 162 (inductiveconstructor)) '(163 164 (bound) nil ("Issue1064.agda" . 163)) '(167 168 (bound) nil ("Issue1064.agda" . 153)) '(172 173 (bound) nil ("Issue1064.agda" . 163)))
(agda2-highlight-add-annotations '(6 7 (datatype) nil ("Issue1064.agda" . 6)) '(8 9 (symbol)) '(10 13 (primitivetype)))
(agda2-highlight-add-annotations '(1 5 (keyword)) '(6 7 (datatype) nil ("Issue1064.agda" . 6)) '(14 19 (keyword)))
(agda2-highlight-add-annotations '(28 29 (record) nil ("Issue1064.agda" . 28)) '(30 31 (symbol)) '(32 35 (primitivetype)))
(agda2-highlight-add-annotations '(21 27 (keyword)) '(28 29 (record) nil ("Issue1064.agda" . 28)) '(36 41 (keyword)) '(44 55 (keyword)) '(56 57 (inductiveconstructor) nil ("Issue1064.agda" . 56)) '(60 65 (keyword)) '(66 67 (field) nil ("Issue1064.agda" . 66)) '(68 69 (symbol)) '(70 71 (datatype) nil ("Issue1064.agda" . 6)))
(agda2-highlight-add-annotations '(80 82 (record) nil ("Issue1064.agda" . 80)) '(83 84 (symbol)) '(85 88 (primitivetype)))
(agda2-highlight-add-annotations '(73 79 (keyword)) '(80 82 (record) nil ("Issue1064.agda" . 80)) '(89 94 (keyword)) '(97 108 (keyword)) '(111 122 (keyword)) '(123 124 (coinductiveconstructor) nil ("Issue1064.agda" . 123)) '(127 132 (keyword)) '(133 134 (field) nil ("Issue1064.agda" . 133)) '(135 136 (symbol)) '(137 139 (record) nil ("Issue1064.agda" . 80)))
(agda2-highlight-add-annotations '(141 142 (function) nil ("Issue1064.agda" . 141)) '(143 144 (symbol)) '(145 146 (record) nil ("Issue1064.agda" . 28)) '(147 148 (symbol)) '(149 150 (datatype) nil ("Issue1064.agda" . 6)))
(agda2-highlight-add-annotations '(141 142 (function) nil ("Issue1064.agda" . 141)) '(151 152 (function) nil ("Issue1064.agda" . 141)) '(153 154 (bound) nil ("Issue1064.agda" . 153)) '(155 156 (symbol)) '(157 160 (keyword)) '(161 162 (inductiveconstructor) nil ("Issue1064.agda" . 56)) '(163 164 (bound) nil ("Issue1064.agda" . 163)) '(165 166 (symbol)) '(167 168 (bound) nil ("Issue1064.agda" . 153)) '(169 171 (keyword)) '(172 173 (bound) nil ("Issue1064.agda" . 163)))
(agda2-status-action "Checked")
(agda2-info-action "*All Done*" "" nil)
((last . 1) . (agda2-goals-action '()))
