(agda2-status-action "")
(agda2-info-action "*Type-checking*" "" nil)
(agda2-highlight-clear)
(agda2-highlight-add-annotations '(1 36 (comment)) '(37 77 (comment)) '(79 85 (keyword)) '(86 87 (symbol)) '(88 93 (keyword)) '(95 99 (keyword)) '(100 106 (keyword)) '(126 132 (keyword)) '(157 162 (keyword)) '(166 172 (keyword)) '(178 182 (keyword)) '(185 186 (symbol)) '(188 189 (symbol)) '(194 195 (symbol)) '(196 197 (symbol)) '(199 200 (symbol)) '(201 204 (primitivetype)) '(204 205 (symbol)) '(206 207 (symbol)) '(208 211 (primitivetype)) '(212 217 (keyword)) '(226 227 (symbol)) '(235 236 (symbol)) '(248 254 (keyword)) '(258 259 (symbol)) '(261 262 (symbol)) '(267 268 (symbol)) '(269 270 (symbol)) '(272 273 (symbol)) '(274 277 (primitivetype)) '(277 278 (symbol)) '(279 280 (symbol)) '(281 284 (primitivetype)) '(285 290 (keyword)) '(297 306 (keyword)) '(313 318 (keyword)) '(333 334 (symbol)) '(357 358 (symbol)) '(371 375 (keyword)) '(386 387 (symbol)) '(388 389 (symbol)) '(391 392 (symbol)) '(393 396 (primitivetype)) '(397 398 (symbol)) '(399 402 (primitivetype)) '(402 403 (symbol)) '(404 405 (symbol)) '(406 410 (primitivetype)) '(419 420 (symbol)) '(421 422 (symbol)) '(426 427 (symbol)) '(428 431 (primitivetype)) '(431 432 (symbol)) '(433 434 (symbol)) '(439 440 (symbol)) '(448 454 (keyword)) '(468 469 (symbol)) '(470 471 (symbol)) '(472 473 (symbol)) '(474 475 (symbol)) '(476 477 (symbol)) '(482 483 (symbol)) '(486 487 (symbol)) '(500 501 (symbol)) '(505 506 (symbol)) '(507 508 (symbol)) '(511 512 (symbol)) '(521 522 (symbol)) '(537 538 (symbol)) '(539 540 (symbol)) '(541 542 (symbol)) '(543 544 (symbol)) '(545 546 (symbol)) '(551 552 (symbol)) '(556 557 (symbol)) '(570 571 (symbol)) '(583 584 (symbol)) '(585 586 (symbol)) '(606 607 (symbol)) '(614 615 (symbol)) '(616 617 (symbol)) '(619 620 (symbol)) '(621 622 (symbol)) '(629 630 (symbol)) '(632 633 (symbol)) '(635 636 (symbol)) '(637 638 (symbol)) '(645 646 (symbol)) '(648 673 (comment)) '(677 734 (comment)) '(738 785 (comment)) '(787 793 (keyword)) '(819 824 (keyword)) '(826 832 (keyword)) '(837 838 (symbol)) '(839 840 (symbol)) '(844 848 (keyword)) '(851 852 (symbol)) '(853 854 (symbol)) '(855 856 (symbol)) '(858 859 (symbol)) '(860 863 (primitivetype)) '(865 866 (symbol)) '(867 868 (symbol)) '(869 872 (primitivetype)) '(875 880 (keyword)) '(887 888 (symbol)) '(891 892 (symbol)) '(898 912 (comment)) '(916 920 (keyword)) '(923 924 (symbol)) '(926 927 (symbol)) '(928 931 (primitivetype)) '(933 934 (symbol)) '(935 936 (symbol)) '(937 941 (primitivetype)) '(942 947 (keyword)) '(954 955 (symbol)) '(958 959 (symbol)) '(965 979 (comment)))
(agda2-highlight-add-annotations '(79 85 (keyword)) '(86 87 (module) nil ("Issue2751.agda" . 1)) '(88 93 (keyword)) '(107 124 (module) nil ("agda-default-include-path/Agda/Builtin/Size.agda" . 1)) '(133 156 (module) nil ("Issue2751.agda" . 133)) '(183 184 (datatype) nil ("Issue2751.agda" . 183)) '(186 187 (bound) nil ("Issue2751.agda" . 186)) '(190 194 (postulate) nil ("agda-default-include-path/Agda/Builtin/Size.agda" . 114)) '(197 198 (bound) nil ("Issue2751.agda" . 197)) '(224 225 (inductiveconstructor) nil ("Issue2751.agda" . 224)) '(228 230 (record) nil ("Issue2751.agda" . 255)) '(231 232 (bound) nil ("Issue2751.agda" . 186)) '(233 234 (bound) nil ("Issue2751.agda" . 197)) '(237 238 (datatype) nil ("Issue2751.agda" . 183)) '(239 240 (bound) nil ("Issue2751.agda" . 186)) '(241 242 (bound) nil ("Issue2751.agda" . 197)) '(255 257 (record) nil ("Issue2751.agda" . 255)) '(259 260 (bound) nil ("Issue2751.agda" . 259)) '(263 267 (postulate) nil ("agda-default-include-path/Agda/Builtin/Size.agda" . 114)) '(270 271 (bound) nil ("Issue2751.agda" . 270)) '(327 331 (field) nil ("Issue2751.agda" . 327)) '(335 340 (postulate operator) nil ("agda-default-include-path/Agda/Builtin/Size.agda" . 146)) '(341 342 (bound) nil ("Issue2751.agda" . 259)) '(351 356 (field) nil ("Issue2751.agda" . 351)) '(359 360 (datatype) nil ("Issue2751.agda" . 183)) '(361 365 (bound) nil ("Issue2751.agda" . 327)) '(366 367 (bound) nil ("Issue2751.agda" . 270)) '(376 378 (module) nil ("Issue2751.agda" . 255)) '(382 385 (function) nil ("Issue2751.agda" . 382)) '(389 390 (bound) nil ("Issue2751.agda" . 389)) '(413 416 (function) nil ("Issue2751.agda" . 382)) '(417 418 (bound) nil ("Issue2751.agda" . 417)) '(422 423 (bound) nil ("Issue2751.agda" . 422)) '(424 425 (bound) nil ("Issue2751.agda" . 424)) '(435 436 (bound) nil ("Issue2751.agda" . 417)) '(437 438 (bound) nil ("Issue2751.agda" . 422)) '(441 442 (bound) nil ("Issue2751.agda" . 417)) '(443 444 (bound) nil ("Issue2751.agda" . 424)) '(462 467 (function) nil ("Issue2751.agda" . 462)) '(473 474 (bound) nil ("Issue2751.agda" . 473)) '(478 481 (function) nil ("Issue2751.agda" . 382)) '(483 484 (datatype) nil ("Issue2751.agda" . 183)) '(485 486 (bound) nil ("Issue2751.agda" . 473)) '(494 499 (function) nil ("Issue2751.agda" . 462)) '(501 502 (inductiveconstructor) nil ("Issue2751.agda" . 224)) '(503 505 (bound) nil ("Issue2751.agda" . 503)) '(509 510 (inductiveconstructor) nil ("Issue2751.agda" . 224)) '(512 518 (function) nil ("Issue2751.agda" . 530)) '(519 521 (bound) nil ("Issue2751.agda" . 503)) '(530 536 (function) nil ("Issue2751.agda" . 530)) '(542 543 (bound) nil ("Issue2751.agda" . 542)) '(547 550 (function) nil ("Issue2751.agda" . 382)) '(552 554 (record) nil ("Issue2751.agda" . 255)) '(555 556 (bound) nil ("Issue2751.agda" . 542)) '(564 568 (field) nil ("Issue2751.agda" . 327)) '(571 577 (function) nil ("Issue2751.agda" . 530)) '(582 583 (bound) nil ("Issue2751.agda" . 582)) '(587 591 (field) nil ("Issue2751.agda" . 327)) '(592 593 (bound) nil ("Issue2751.agda" . 582)) '(600 605 (field) nil ("Issue2751.agda" . 351)) '(607 613 (function) nil ("Issue2751.agda" . 530)) '(615 616 (bound) nil ("Issue2751.agda" . 615)) '(618 619 (bound) nil ("Issue2751.agda" . 618)) '(623 628 (function) nil ("Issue2751.agda" . 462)) '(630 631 (argument)) '(634 635 (bound) nil ("Issue2751.agda" . 615)) '(638 643 (field) nil ("Issue2751.agda" . 351)) '(644 645 (bound) nil ("Issue2751.agda" . 618)) '(794 818 (module) nil ("Issue2751.agda" . 794)) '(835 836 (function) nil ("Issue2751.agda" . 835)) '(849 850 (datatype) nil ("Issue2751.agda" . 849)) '(852 853 (bound) nil ("Issue2751.agda" . 852)) '(856 857 (bound) nil ("Issue2751.agda" . 856)) '(864 865 (bound) nil ("Issue2751.agda" . 852)) '(873 874 (function) nil ("Issue2751.agda" . 835)) '(885 886 (inductiveconstructor) nil ("Issue2751.agda" . 885)) '(889 890 (bound) nil ("Issue2751.agda" . 856)) '(893 894 (datatype) nil ("Issue2751.agda" . 849)) '(895 896 (bound) nil ("Issue2751.agda" . 856)) '(921 922 (datatype) nil ("Issue2751.agda" . 921)) '(924 925 (bound) nil ("Issue2751.agda" . 924)) '(932 933 (function) nil ("Issue2751.agda" . 835)) '(952 953 (inductiveconstructor) nil ("Issue2751.agda" . 952)) '(956 957 (bound) nil ("Issue2751.agda" . 924)) '(960 961 (datatype) nil ("Issue2751.agda" . 921)) '(962 963 (bound) nil ("Issue2751.agda" . 924)))
(agda2-highlight-add-annotations '(107 124 (module) nil ("agda-default-include-path/Agda/Builtin/Size.agda" . 1)))
(agda2-highlight-add-annotations '(183 184 (datatype) nil ("Issue2751.agda" . 183)) '(185 186 (symbol)) '(186 187 (bound) nil ("Issue2751.agda" . 186)) '(188 189 (symbol)) '(190 194 (postulate) nil ("agda-default-include-path/Agda/Builtin/Size.agda" . 114)) '(194 195 (symbol)) '(196 197 (symbol)) '(197 198 (bound) nil ("Issue2751.agda" . 197)) '(199 200 (symbol)) '(201 204 (primitivetype)) '(204 205 (symbol)) '(206 207 (symbol)) '(208 211 (primitivetype)))
(agda2-highlight-add-annotations '(255 257 (record) nil ("Issue2751.agda" . 255)) '(258 259 (symbol)) '(259 260 (bound) nil ("Issue2751.agda" . 259)) '(261 262 (symbol)) '(263 267 (postulate) nil ("agda-default-include-path/Agda/Builtin/Size.agda" . 114)) '(267 268 (symbol)) '(269 270 (symbol)) '(270 271 (bound) nil ("Issue2751.agda" . 270)) '(272 273 (symbol)) '(274 277 (primitivetype)) '(277 278 (symbol)) '(279 280 (symbol)) '(281 284 (primitivetype)))
(agda2-highlight-add-annotations '(178 182 (keyword)) '(183 184 (datatype) nil ("Issue2751.agda" . 183)) '(186 187 (bound) nil ("Issue2751.agda" . 186)) '(197 198 (bound) nil ("Issue2751.agda" . 197)) '(212 217 (keyword)) '(224 225 (inductiveconstructor) nil ("Issue2751.agda" . 224)) '(226 227 (symbol)) '(228 230 (record) nil ("Issue2751.agda" . 255)) '(231 232 (bound) nil ("Issue2751.agda" . 186)) '(233 234 (bound) nil ("Issue2751.agda" . 197)) '(235 236 (symbol)) '(237 238 (datatype) nil ("Issue2751.agda" . 183)) '(239 240 (bound) nil ("Issue2751.agda" . 186)) '(241 242 (bound) nil ("Issue2751.agda" . 197)))
(agda2-highlight-add-annotations '(248 254 (keyword)) '(255 257 (record) nil ("Issue2751.agda" . 255)) '(285 290 (keyword)) '(297 306 (keyword)) '(313 318 (keyword)) '(327 331 (field) nil ("Issue2751.agda" . 327)) '(333 334 (symbol)) '(335 340 (postulate operator) nil ("agda-default-include-path/Agda/Builtin/Size.agda" . 146)) '(341 342 (bound) nil ("Issue2751.agda" . 259)) '(351 356 (field) nil ("Issue2751.agda" . 351)) '(357 358 (symbol)) '(359 360 (datatype) nil ("Issue2751.agda" . 183)) '(361 365 (field) nil ("Issue2751.agda" . 327)) '(366 367 (bound) nil ("Issue2751.agda" . 270)))
(agda2-highlight-add-annotations '(376 378 (module) nil ("Issue2751.agda" . 255)))
(agda2-highlight-add-annotations '(382 385 (function) nil ("Issue2751.agda" . 382)) '(386 387 (symbol)) '(388 389 (symbol)) '(389 390 (bound) nil ("Issue2751.agda" . 389)) '(391 392 (symbol)) '(393 396 (primitivetype)) '(397 398 (symbol)) '(399 402 (primitivetype)) '(402 403 (symbol)) '(404 405 (symbol)) '(406 410 (primitivetype)))
(agda2-highlight-add-annotations '(382 385 (function) nil ("Issue2751.agda" . 382)) '(413 416 (function) nil ("Issue2751.agda" . 382)) '(417 418 (bound) nil ("Issue2751.agda" . 417)) '(419 420 (symbol)) '(421 422 (symbol)) '(422 423 (bound) nil ("Issue2751.agda" . 422)) '(424 425 (bound) nil ("Issue2751.agda" . 424)) '(426 427 (symbol)) '(428 431 (primitivetype)) '(431 432 (symbol)) '(433 434 (symbol)) '(435 436 (bound) nil ("Issue2751.agda" . 417)) '(437 438 (bound) nil ("Issue2751.agda" . 422)) '(439 440 (symbol)) '(441 442 (bound) nil ("Issue2751.agda" . 417)) '(443 444 (bound) nil ("Issue2751.agda" . 424)))
(agda2-highlight-add-annotations '(462 467 (function) nil ("Issue2751.agda" . 462)) '(468 469 (symbol)) '(470 471 (symbol)) '(472 473 (symbol)) '(473 474 (bound) nil ("Issue2751.agda" . 473)) '(474 475 (symbol)) '(476 477 (symbol)) '(478 481 (function) nil ("Issue2751.agda" . 382)) '(482 483 (symbol)) '(483 484 (datatype) nil ("Issue2751.agda" . 183)) '(485 486 (bound) nil ("Issue2751.agda" . 473)) '(486 487 (symbol)))
(agda2-highlight-add-annotations '(530 536 (function) nil ("Issue2751.agda" . 530)) '(537 538 (symbol)) '(539 540 (symbol)) '(541 542 (symbol)) '(542 543 (bound) nil ("Issue2751.agda" . 542)) '(543 544 (symbol)) '(545 546 (symbol)) '(547 550 (function) nil ("Issue2751.agda" . 382)) '(551 552 (symbol)) '(552 554 (record) nil ("Issue2751.agda" . 255)) '(555 556 (bound) nil ("Issue2751.agda" . 542)) '(556 557 (symbol)))
(agda2-highlight-add-annotations '(462 467 (function) nil ("Issue2751.agda" . 462)) '(494 499 (function) nil ("Issue2751.agda" . 462)) '(500 501 (symbol)) '(501 502 (inductiveconstructor) nil ("Issue2751.agda" . 224)) '(503 505 (bound) nil ("Issue2751.agda" . 503)) '(505 506 (symbol)) '(507 508 (symbol)) '(509 510 (inductiveconstructor) nil ("Issue2751.agda" . 224)) '(511 512 (symbol)) '(512 518 (function) nil ("Issue2751.agda" . 530)) '(519 521 (bound) nil ("Issue2751.agda" . 503)) '(521 522 (symbol)))
(agda2-highlight-add-annotations '(530 536 (function) nil ("Issue2751.agda" . 530)) '(564 568 (field) nil ("Issue2751.agda" . 327)) '(570 571 (symbol)) '(571 577 (function) nil ("Issue2751.agda" . 530)) '(582 583 (bound) nil ("Issue2751.agda" . 582)) '(583 584 (symbol)) '(585 586 (symbol)) '(587 591 (field) nil ("Issue2751.agda" . 327)) '(592 593 (bound) nil ("Issue2751.agda" . 582)) '(600 605 (field) nil ("Issue2751.agda" . 351)) '(606 607 (symbol)) '(607 613 (function) nil ("Issue2751.agda" . 530)) '(614 615 (symbol)) '(615 616 (bound) nil ("Issue2751.agda" . 615)) '(616 617 (symbol)) '(618 619 (bound) nil ("Issue2751.agda" . 618)) '(619 620 (symbol)) '(621 622 (symbol)) '(623 628 (function) nil ("Issue2751.agda" . 462)) '(629 630 (symbol)) '(630 631 (argument)) '(632 633 (symbol)) '(634 635 (bound) nil ("Issue2751.agda" . 615)) '(635 636 (symbol)) '(637 638 (symbol)) '(638 643 (field) nil ("Issue2751.agda" . 351)) '(644 645 (bound) nil ("Issue2751.agda" . 618)) '(645 646 (symbol)))
(agda2-highlight-add-annotations '(126 132 (keyword)) '(133 156 (module) nil ("Issue2751.agda" . 133)) '(157 162 (keyword)) '(166 172 (keyword)) '(371 375 (keyword)) '(448 454 (keyword)) '(564 568 (field) nil ("Issue2751.agda" . 327)) '(600 605 (field) nil ("Issue2751.agda" . 351)))
(agda2-highlight-add-annotations '(787 793 (keyword)) '(794 818 (module) nil ("Issue2751.agda" . 794)) '(819 824 (keyword)))
(agda2-highlight-add-annotations '(835 836 (function) nil ("Issue2751.agda" . 835)))
(agda2-highlight-add-annotations '(849 850 (datatype) nil ("Issue2751.agda" . 849)) '(851 852 (symbol)) '(852 853 (bound) nil ("Issue2751.agda" . 852)) '(853 854 (symbol)) '(855 856 (symbol)) '(856 857 (bound) nil ("Issue2751.agda" . 856)) '(858 859 (symbol)) '(860 863 (primitivetype)) '(864 865 (bound) nil ("Issue2751.agda" . 852)) '(865 866 (symbol)) '(867 868 (symbol)) '(869 872 (primitivetype)) '(873 874 (function) nil ("Issue2751.agda" . 835)))
(agda2-highlight-add-annotations '(921 922 (datatype) nil ("Issue2751.agda" . 921)) '(923 924 (symbol)) '(924 925 (bound) nil ("Issue2751.agda" . 924)) '(926 927 (symbol)) '(928 931 (primitivetype)) '(932 933 (function) nil ("Issue2751.agda" . 835)) '(933 934 (symbol)) '(935 936 (symbol)) '(937 941 (primitivetype)))
(agda2-highlight-add-annotations '(835 836 (function) nil ("Issue2751.agda" . 835)) '(837 838 (symbol)) '(839 840 (symbol)))
(agda2-highlight-add-annotations '(844 848 (keyword)) '(849 850 (datatype) nil ("Issue2751.agda" . 849)) '(852 853 (bound) nil ("Issue2751.agda" . 852)) '(856 857 (bound) nil ("Issue2751.agda" . 856)) '(875 880 (keyword)) '(885 886 (inductiveconstructor) nil ("Issue2751.agda" . 885)) '(887 888 (symbol)) '(889 890 (bound) nil ("Issue2751.agda" . 856)) '(891 892 (symbol)) '(893 894 (datatype) nil ("Issue2751.agda" . 849)) '(895 896 (bound) nil ("Issue2751.agda" . 856)))
(agda2-highlight-add-annotations '(916 920 (keyword)) '(921 922 (datatype) nil ("Issue2751.agda" . 921)) '(924 925 (bound) nil ("Issue2751.agda" . 924)) '(942 947 (keyword)) '(952 953 (inductiveconstructor) nil ("Issue2751.agda" . 952)) '(954 955 (symbol)) '(956 957 (bound) nil ("Issue2751.agda" . 924)) '(958 959 (symbol)) '(960 961 (datatype) nil ("Issue2751.agda" . 921)) '(962 963 (bound) nil ("Issue2751.agda" . 924)))
(agda2-highlight-add-annotations '(79 85 (keyword)) '(86 87 (module) nil ("Issue2751.agda" . 1)) '(88 93 (keyword)))
(agda2-highlight-add-annotations '(1 36 (comment)) '(37 77 (comment)) '(95 99 (keyword)) '(100 106 (keyword)) '(648 673 (comment)) '(677 734 (comment)) '(738 785 (comment)) '(826 832 (keyword)) '(898 912 (comment)) '(965 979 (comment)))
(agda2-highlight-add-annotations '(623 645 (unsolvedconstraint)) '(839 840 (unsolvedmeta)) '(885 896 (unsolvedconstraint)) '(952 963 (unsolvedconstraint)))
(agda2-status-action "")
(agda2-info-action "*All Goals, Errors*" "_28 : .Agda.Primitive.Level [ at Issue2751.agda:42,7-8 ] ———— Errors ———————————————————————————————————————————————— Failed to solve the following constraints: _28 =< .Agda.Primitive.lsuc .Agda.Primitive.lzero a =< _28 [55, 56] size t =< i : Size [49, 50] i =< size t : Size " nil)
((last . 1) . (agda2-goals-action '()))
