(agda2-status-action "")
(agda2-info-action "*Type-checking*" "" nil)
(agda2-highlight-clear)
(agda2-highlight-add-annotations '(2 6 (keyword)) '(11 12 (symbol)) '(13 16 (primitivetype)) '(17 22 (keyword)) '(30 31 (symbol)) '(43 44 (symbol)) '(49 50 (symbol)) '(56 63 (keyword)) '(75 76 (symbol)) '(81 82 (symbol)) '(87 88 (symbol)) '(92 93 (symbol)) '(98 99 (symbol)) '(106 107 (symbol)) '(117 118 (symbol)) '(119 120 (symbol)) '(127 128 (symbol)) '(136 137 (symbol)) '(138 139 (symbol)) '(161 162 (symbol)))
(agda2-highlight-add-annotations '(7 10 (datatype) nil ("Issue758.agda" . 7)) '(25 29 (inductiveconstructor) nil ("Issue758.agda" . 25)) '(32 35 (datatype) nil ("Issue758.agda" . 7)) '(38 41 (inductiveconstructor) nil ("Issue758.agda" . 38)) '(45 48 (datatype) nil ("Issue758.agda" . 7)) '(51 54 (datatype) nil ("Issue758.agda" . 7)) '(64 72 (inductiveconstructor) nil ("Issue758.agda" . 64)) '(73 74 (bound) nil ("Issue758.agda" . 86)) '(77 80 (inductiveconstructor) nil ("Issue758.agda" . 38)) '(82 85 (inductiveconstructor) nil ("Issue758.agda" . 38)) '(86 87 (bound) nil ("Issue758.agda" . 86)) '(90 91 (function) nil ("Issue758.agda" . 90)) '(94 97 (datatype) nil ("Issue758.agda" . 7)) '(100 103 (datatype) nil ("Issue758.agda" . 7)) '(104 105 (function) nil ("Issue758.agda" . 90)) '(107 115 (inductiveconstructor) nil ("Issue758.agda" . 64)) '(116 117 (bound) nil ("Issue758.agda" . 116)) '(121 122 (function) nil ("Issue758.agda" . 90)) '(123 124 (bound) nil ("Issue758.agda" . 116)) '(125 126 (function) nil ("Issue758.agda" . 90)) '(128 131 (inductiveconstructor) nil ("Issue758.agda" . 38)) '(132 136 (inductiveconstructor) nil ("Issue758.agda" . 25)) '(140 148 (inductiveconstructor) nil ("Issue758.agda" . 64)) '(149 153 (inductiveconstructor) nil ("Issue758.agda" . 25)) '(154 155 (function) nil ("Issue758.agda" . 90)) '(156 160 (inductiveconstructor) nil ("Issue758.agda" . 25)) '(163 167 (inductiveconstructor) nil ("Issue758.agda" . 25)))
(agda2-highlight-add-annotations '(7 10 (datatype) nil ("Issue758.agda" . 7)) '(11 12 (symbol)) '(13 16 (primitivetype)))
(agda2-highlight-add-annotations '(2 6 (keyword)) '(7 10 (datatype) nil ("Issue758.agda" . 7)) '(17 22 (keyword)) '(25 29 (inductiveconstructor) nil ("Issue758.agda" . 25)) '(30 31 (symbol)) '(32 35 (datatype) nil ("Issue758.agda" . 7)) '(38 41 (inductiveconstructor) nil ("Issue758.agda" . 38)) '(43 44 (symbol)) '(45 48 (datatype) nil ("Issue758.agda" . 7)) '(49 50 (symbol)) '(51 54 (datatype) nil ("Issue758.agda" . 7)))
(agda2-highlight-add-annotations '(64 72 (inductiveconstructor) nil ("Issue758.agda" . 64)) '(73 74 (bound) nil ("Issue758.agda" . 86)) '(77 80 (inductiveconstructor) nil ("Issue758.agda" . 38)) '(82 85 (inductiveconstructor) nil ("Issue758.agda" . 38)) '(86 87 (bound) nil ("Issue758.agda" . 86)))
(agda2-highlight-add-annotations '(90 91 (function) nil ("Issue758.agda" . 90)) '(92 93 (symbol)) '(94 97 (datatype) nil ("Issue758.agda" . 7)) '(98 99 (symbol)) '(100 103 (datatype) nil ("Issue758.agda" . 7)))
(agda2-highlight-add-annotations '(90 91 (function) nil ("Issue758.agda" . 90)) '(104 105 (function) nil ("Issue758.agda" . 90)) '(106 107 (symbol)) '(107 115 (inductiveconstructor) nil ("Issue758.agda" . 64)) '(116 117 (bound) nil ("Issue758.agda" . 116)) '(117 118 (symbol)) '(119 120 (symbol)) '(121 122 (function) nil ("Issue758.agda" . 90)) '(123 124 (bound) nil ("Issue758.agda" . 116)) '(125 126 (function) nil ("Issue758.agda" . 90)) '(127 128 (symbol)) '(128 131 (inductiveconstructor) nil ("Issue758.agda" . 38)) '(132 136 (inductiveconstructor) nil ("Issue758.agda" . 25)) '(136 137 (symbol)) '(138 139 (symbol)) '(140 148 (inductiveconstructor) nil ("Issue758.agda" . 64)) '(149 153 (inductiveconstructor) nil ("Issue758.agda" . 25)) '(154 155 (function) nil ("Issue758.agda" . 90)) '(156 160 (inductiveconstructor) nil ("Issue758.agda" . 25)) '(161 162 (symbol)) '(163 167 (inductiveconstructor) nil ("Issue758.agda" . 25)))
(agda2-highlight-add-annotations '(56 63 (keyword)) '(75 76 (symbol)) '(81 82 (symbol)) '(87 88 (symbol)))
(agda2-status-action "Checked")
(agda2-info-action "*All Done*" "" nil)
((last . 1) . (agda2-goals-action '()))
