(agda2-status-action "")
(agda2-info-action "*Type-checking*" "" nil)
(agda2-highlight-clear)
(agda2-highlight-add-annotations '(1 58 (comment)) '(60 64 (keyword)) '(65 71 (keyword)) '(95 138 (comment)) '(139 143 (keyword)) '(144 150 (keyword)) '(174 217 (comment)))
(agda2-highlight-add-annotations '(72 87 (module) nil ("Issue2574Import.agda" . 1)) '(151 171 (module) nil ("Issue2574ImportBlank.agda" . 1)))
(agda2-highlight-add-annotations '(72 87 (module) nil ("Issue2574Import.agda" . 1)))
(agda2-highlight-add-annotations '(151 171 (module) nil ("Issue2574ImportBlank.agda" . 1)))
(agda2-highlight-add-annotations '(1 58 (comment)) '(60 64 (keyword)) '(65 71 (keyword)) '(95 138 (comment)) '(139 143 (keyword)) '(144 150 (keyword)) '(174 217 (comment)))
(agda2-status-action "Checked")
(agda2-info-action "*All Done*" "" nil)
((last . 1) . (agda2-goals-action '()))
