(agda2-status-action "")
(agda2-info-action "*Type-checking*" "" nil)
(agda2-highlight-clear)
(agda2-status-action "")
(agda2-info-action "*All Goals*" "?0 : Foo n' ?1 : Foo (tdiff m (tsucc n)) " nil)
((last . 1) . (agda2-goals-action '(0 1)))
(agda2-info-action "*Error*" "Issue3650.agda:23,19-23 Unbound variable nz when checking that the expression ? has type Foo n'" nil)
((last . 3) . (agda2-maybe-goto '("Issue3650.agda" . 489)))
(agda2-highlight-load-and-delete-action)
(agda2-status-action "")
