(agda2-status-action "")
(agda2-info-action "*Type-checking*" "" nil)
(agda2-highlight-clear)
(agda2-highlight-add-annotations '(1 35 (comment)) '(36 92 (comment)) '(93 142 (comment)) '(143 179 (comment)) '(181 187 (keyword)) '(192 193 (symbol)) '(195 196 (symbol)) '(199 200 (symbol)) '(201 204 (primitivetype)) '(204 205 (symbol)) '(206 207 (symbol)) '(208 211 (primitivetype)) '(212 217 (keyword)) '(220 225 (keyword)) '(234 235 (symbol)) '(246 247 (symbol)) '(255 302 (comment)) '(304 339 (comment)) '(341 347 (keyword)) '(350 356 (keyword)) '(369 370 (symbol)) '(371 375 (primitivetype)) '(376 381 (keyword)) '(386 397 (keyword)) '(414 419 (keyword)) '(431 432 (symbol)) '(434 437 (primitivetype)) '(459 460 (symbol)) '(462 463 (symbol)) '(465 466 (symbol)) '(474 475 (symbol)) '(476 477 (symbol)) '(478 481 (primitivetype)))
(agda2-highlight-add-annotations '(188 189 (record) nil ("Issue1790.agda" . 188)) '(190 191 (bound) nil ("Issue1790.agda" . 190)) '(193 194 (bound) nil ("Issue1790.agda" . 193)) '(197 198 (bound) nil ("Issue1790.agda" . 190)) '(230 233 (field) nil ("Issue1790.agda" . 230)) '(236 237 (bound) nil ("Issue1790.agda" . 190)) '(242 245 (field) nil ("Issue1790.agda" . 242)) '(248 249 (bound) nil ("Issue1790.agda" . 193)) '(250 253 (bound) nil ("Issue1790.agda" . 230)) '(357 368 (record) nil ("Issue1790.agda" . 357)) '(398 409 (inductiveconstructor) nil ("Issue1790.agda" . 398)) '(421 428 (field) nil ("Issue1790.agda" . 421)) '(449 457 (field) nil ("Issue1790.agda" . 449)) '(463 464 (bound) nil ("Issue1790.agda" . 463)) '(467 474 (bound) nil ("Issue1790.agda" . 421)))
(agda2-highlight-add-annotations '(188 189 (record) nil ("Issue1790.agda" . 188)) '(190 191 (bound) nil ("Issue1790.agda" . 190)) '(192 193 (symbol)) '(193 194 (bound) nil ("Issue1790.agda" . 193)) '(195 196 (symbol)) '(197 198 (bound) nil ("Issue1790.agda" . 190)) '(199 200 (symbol)) '(201 204 (primitivetype)) '(204 205 (symbol)) '(206 207 (symbol)) '(208 211 (primitivetype)))
(agda2-highlight-add-annotations '(181 187 (keyword)) '(188 189 (record) nil ("Issue1790.agda" . 188)) '(212 217 (keyword)) '(220 225 (keyword)) '(230 233 (field) nil ("Issue1790.agda" . 230)) '(234 235 (symbol)) '(236 237 (bound) nil ("Issue1790.agda" . 190)) '(242 245 (field) nil ("Issue1790.agda" . 242)) '(246 247 (symbol)) '(248 249 (bound) nil ("Issue1790.agda" . 193)) '(250 253 (field) nil ("Issue1790.agda" . 230)))
(agda2-highlight-add-annotations '(357 368 (record) nil ("Issue1790.agda" . 357)) '(369 370 (symbol)) '(371 375 (primitivetype)))
(agda2-highlight-add-annotations '(350 356 (keyword)) '(357 368 (record) nil ("Issue1790.agda" . 357)) '(376 381 (keyword)) '(386 397 (keyword)) '(398 409 (inductiveconstructor) nil ("Issue1790.agda" . 398)) '(414 419 (keyword)) '(421 428 (field) nil ("Issue1790.agda" . 421)) '(431 432 (symbol)) '(434 437 (primitivetype)) '(449 457 (field) nil ("Issue1790.agda" . 449)) '(459 460 (symbol)) '(462 463 (symbol)) '(463 464 (bound) nil ("Issue1790.agda" . 463)) '(465 466 (symbol)) '(467 474 (field) nil ("Issue1790.agda" . 421)) '(474 475 (symbol)) '(476 477 (symbol)) '(478 481 (primitivetype)))
(agda2-highlight-add-annotations '(1 35 (comment)) '(36 92 (comment)) '(93 142 (comment)) '(143 179 (comment)) '(255 302 (comment)) '(304 339 (comment)) '(341 347 (keyword)))
(agda2-status-action "Checked")
(agda2-info-action "*All Done*" "" nil)
((last . 1) . (agda2-goals-action '()))
