(agda2-status-action "")
(agda2-info-action "*Type-checking*" "" nil)
(agda2-highlight-clear)
(agda2-highlight-add-annotations '(1 60 (comment)) '(61 137 (comment)) '(138 212 (comment)) '(214 218 (keyword)) '(223 224 (symbol)) '(228 229 (symbol)) '(230 233 (primitivetype)) '(233 234 (symbol)) '(235 236 (symbol)) '(237 240 (primitivetype)) '(241 246 (keyword)) '(254 255 (symbol)) '(258 259 (symbol)) '(273 274 (symbol)) '(277 278 (symbol)) '(286 292 (keyword)) '(295 296 (symbol)) '(297 300 (primitivetype)) '(301 306 (keyword)) '(309 320 (keyword)) '(325 329 (keyword)) '(332 333 (symbol)) '(334 337 (primitivetype)) '(338 343 (keyword)) '(351 352 (symbol)) '(353 356 (primitivetype)) '(357 358 (symbol)) '(359 362 (primitivetype)) '(371 372 (symbol)) '(380 387 (keyword)) '(396 397 (symbol)) '(406 413 (keyword)) '(422 423 (symbol)) '(437 438 (symbol)) '(439 442 (primitivetype)) '(448 449 (symbol)) '(457 464 (keyword)) '(471 472 (symbol)) '(481 488 (keyword)) '(495 496 (symbol)) '(508 509 (symbol)) '(520 521 (symbol)) '(535 536 (symbol)) '(537 538 (symbol)) '(539 540 (symbol)) '(541 542 (symbol)) '(543 544 (symbol)) '(545 546 (symbol)) '(548 549 (symbol)) '(550 553 (primitivetype)) '(555 556 (symbol)) '(557 558 (symbol)) '(560 561 (symbol)) '(563 564 (symbol)) '(565 566 (symbol)) '(575 576 (symbol)) '(582 583 (symbol)) '(584 588 (primitivetype)) '(591 595 (keyword)) '(611 612 (symbol)) '(618 619 (symbol)) '(620 623 (primitivetype)) '(626 627 (symbol)) '(634 638 (keyword)) '(641 642 (symbol)) '(645 648 (symbol)) '(649 650 (symbol)) '(659 660 (symbol)) '(669 670 (symbol)) '(671 674 (primitivetype)) '(675 678 (symbol)) '(679 680 (symbol)) '(688 689 (symbol)) '(690 691 (symbol)) '(692 693 (symbol)) '(694 698 (symbol)) '(699 702 (symbol)) '(703 704 (symbol)) '(705 706 (symbol)) '(707 708 (symbol)) '(716 717 (symbol)) '(718 722 (symbol)))
(agda2-highlight-add-annotations '(219 222 (datatype operator) nil ("Issue2578.agda" . 219)) '(224 225 (bound) nil ("Issue2578.agda" . 224)) '(226 227 (bound) nil ("Issue2578.agda" . 226)) '(249 253 (inductiveconstructor) nil ("Issue2578.agda" . 249)) '(256 257 (bound) nil ("Issue2578.agda" . 224)) '(260 261 (bound) nil ("Issue2578.agda" . 224)) '(262 263 (datatype operator) nil ("Issue2578.agda" . 219)) '(264 265 (bound) nil ("Issue2578.agda" . 226)) '(268 272 (inductiveconstructor) nil ("Issue2578.agda" . 268)) '(275 276 (bound) nil ("Issue2578.agda" . 226)) '(279 280 (bound) nil ("Issue2578.agda" . 224)) '(281 282 (datatype operator) nil ("Issue2578.agda" . 219)) '(283 284 (bound) nil ("Issue2578.agda" . 226)) '(293 294 (record) nil ("Issue2578.agda" . 293)) '(321 323 (inductiveconstructor) nil ("Issue2578.agda" . 321)) '(330 331 (datatype) nil ("Issue2578.agda" . 330)) '(345 350 (function) nil ("Issue2578.agda" . 345)) '(363 368 (function) nil ("Issue2578.agda" . 345)) '(369 370 (bound) nil ("Issue2578.agda" . 369)) '(373 374 (record) nil ("Issue2578.agda" . 293)) '(375 376 (datatype operator) nil ("Issue2578.agda" . 219)) '(377 378 (bound) nil ("Issue2578.agda" . 369)) '(388 395 (inductiveconstructor) nil ("Issue2578.agda" . 388)) '(398 402 (inductiveconstructor) nil ("Issue2578.agda" . 249)) '(403 405 (inductiveconstructor) nil ("Issue2578.agda" . 321)) '(414 418 (inductiveconstructor) nil ("Issue2578.agda" . 414)) '(419 420 (bound) nil ("Issue2578.agda" . 429)) '(424 428 (inductiveconstructor) nil ("Issue2578.agda" . 268)) '(429 430 (bound) nil ("Issue2578.agda" . 429)) '(432 436 (function) nil ("Issue2578.agda" . 432)) '(443 447 (function) nil ("Issue2578.agda" . 432)) '(450 451 (record) nil ("Issue2578.agda" . 293)) '(452 453 (datatype operator) nil ("Issue2578.agda" . 219)) '(454 455 (record) nil ("Issue2578.agda" . 293)) '(465 469 (inductiveconstructor) nil ("Issue2578.agda" . 465)) '(473 477 (inductiveconstructor) nil ("Issue2578.agda" . 249)) '(478 480 (inductiveconstructor) nil ("Issue2578.agda" . 321)) '(489 494 (inductiveconstructor) nil ("Issue2578.agda" . 489)) '(497 501 (inductiveconstructor) nil ("Issue2578.agda" . 268)) '(502 504 (inductiveconstructor) nil ("Issue2578.agda" . 321)) '(506 507 (function) nil ("Issue2578.agda" . 506)) '(510 515 (function) nil ("Issue2578.agda" . 345)) '(516 517 (datatype) nil ("Issue2578.agda" . 330)) '(518 519 (function) nil ("Issue2578.agda" . 506)) '(522 529 (inductiveconstructor) nil ("Issue2578.agda" . 388)) '(531 534 (function operator) nil ("Issue2578.agda" . 531)) '(540 541 (bound) nil ("Issue2578.agda" . 540)) '(546 547 (bound) nil ("Issue2578.agda" . 546)) '(554 555 (bound) nil ("Issue2578.agda" . 540)) '(558 559 (bound) nil ("Issue2578.agda" . 558)) '(562 563 (bound) nil ("Issue2578.agda" . 546)) '(567 568 (bound) nil ("Issue2578.agda" . 546)) '(569 570 (bound) nil ("Issue2578.agda" . 569)) '(571 572 (function operator) nil ("Issue2578.agda" . 531)) '(573 574 (bound) nil ("Issue2578.agda" . 573)) '(577 578 (bound) nil ("Issue2578.agda" . 573)) '(580 581 (function) nil ("Issue2578.agda" . 580)) '(589 590 (function) nil ("Issue2578.agda" . 580)) '(596 600 (function) nil ("Issue2578.agda" . 432)) '(601 602 (function operator) nil ("Issue2578.agda" . 531)) '(603 608 (inductiveconstructor) nil ("Issue2578.agda" . 489)) '(609 610 (function) nil ("Issue2578.agda" . 580)) '(613 617 (inductiveconstructor) nil ("Issue2578.agda" . 465)) '(624 625 (function) nil ("Issue2578.agda" . 580)) '(628 633 (inductiveconstructor) nil ("Issue2578.agda" . 489)) '(639 640 (function) nil ("Issue2578.agda" . 506)) '(643 644 (function) nil ("Issue2578.agda" . 506)) '(651 658 (inductiveconstructor) nil ("Issue2578.agda" . 388)) '(661 668 (inductiveconstructor) nil ("Issue2578.agda" . 388)) '(681 685 (inductiveconstructor) nil ("Issue2578.agda" . 414)) '(686 687 (bound) nil ("Issue2578.agda" . 686)) '(709 713 (inductiveconstructor) nil ("Issue2578.agda" . 414)) '(714 715 (bound) nil ("Issue2578.agda" . 714)))
(agda2-highlight-add-annotations '(219 222 (datatype operator) nil ("Issue2578.agda" . 219)) '(223 224 (symbol)) '(224 225 (bound) nil ("Issue2578.agda" . 224)) '(226 227 (bound) nil ("Issue2578.agda" . 226)) '(228 229 (symbol)) '(230 233 (primitivetype)) '(233 234 (symbol)) '(235 236 (symbol)) '(237 240 (primitivetype)))
(agda2-highlight-add-annotations '(214 218 (keyword)) '(219 222 (datatype operator) nil ("Issue2578.agda" . 219)) '(224 225 (bound) nil ("Issue2578.agda" . 224)) '(226 227 (bound) nil ("Issue2578.agda" . 226)) '(241 246 (keyword)) '(249 253 (inductiveconstructor) nil ("Issue2578.agda" . 249)) '(254 255 (symbol)) '(256 257 (bound) nil ("Issue2578.agda" . 224)) '(258 259 (symbol)) '(260 261 (bound) nil ("Issue2578.agda" . 224)) '(262 263 (datatype operator) nil ("Issue2578.agda" . 219)) '(264 265 (bound) nil ("Issue2578.agda" . 226)) '(268 272 (inductiveconstructor) nil ("Issue2578.agda" . 268)) '(273 274 (symbol)) '(275 276 (bound) nil ("Issue2578.agda" . 226)) '(277 278 (symbol)) '(279 280 (bound) nil ("Issue2578.agda" . 224)) '(281 282 (datatype operator) nil ("Issue2578.agda" . 219)) '(283 284 (bound) nil ("Issue2578.agda" . 226)))
(agda2-highlight-add-annotations '(293 294 (record) nil ("Issue2578.agda" . 293)) '(295 296 (symbol)) '(297 300 (primitivetype)))
(agda2-highlight-add-annotations '(286 292 (keyword)) '(293 294 (record) nil ("Issue2578.agda" . 293)) '(301 306 (keyword)) '(309 320 (keyword)) '(321 323 (inductiveconstructor) nil ("Issue2578.agda" . 321)))
(agda2-highlight-add-annotations '(330 331 (datatype) nil ("Issue2578.agda" . 330)) '(332 333 (symbol)) '(334 337 (primitivetype)))
(agda2-highlight-add-annotations '(325 329 (keyword)) '(330 331 (datatype) nil ("Issue2578.agda" . 330)) '(338 343 (keyword)))
(agda2-highlight-add-annotations '(345 350 (function) nil ("Issue2578.agda" . 345)) '(351 352 (symbol)) '(353 356 (primitivetype)) '(357 358 (symbol)) '(359 362 (primitivetype)))
(agda2-highlight-add-annotations '(345 350 (function) nil ("Issue2578.agda" . 345)) '(363 368 (function) nil ("Issue2578.agda" . 345)) '(369 370 (bound) nil ("Issue2578.agda" . 369)) '(371 372 (symbol)) '(373 374 (record) nil ("Issue2578.agda" . 293)) '(375 376 (datatype operator) nil ("Issue2578.agda" . 219)) '(377 378 (bound) nil ("Issue2578.agda" . 369)))
(agda2-highlight-add-annotations '(388 395 (inductiveconstructor) nil ("Issue2578.agda" . 388)) '(398 402 (inductiveconstructor) nil ("Issue2578.agda" . 249)) '(403 405 (inductiveconstructor) nil ("Issue2578.agda" . 321)))
(agda2-highlight-add-annotations '(414 418 (inductiveconstructor) nil ("Issue2578.agda" . 414)) '(419 420 (bound) nil ("Issue2578.agda" . 429)) '(424 428 (inductiveconstructor) nil ("Issue2578.agda" . 268)) '(429 430 (bound) nil ("Issue2578.agda" . 429)))
(agda2-highlight-add-annotations '(432 436 (function) nil ("Issue2578.agda" . 432)) '(437 438 (symbol)) '(439 442 (primitivetype)))
(agda2-highlight-add-annotations '(432 436 (function) nil ("Issue2578.agda" . 432)) '(443 447 (function) nil ("Issue2578.agda" . 432)) '(448 449 (symbol)) '(450 451 (record) nil ("Issue2578.agda" . 293)) '(452 453 (datatype operator) nil ("Issue2578.agda" . 219)) '(454 455 (record) nil ("Issue2578.agda" . 293)))
(agda2-highlight-add-annotations '(465 469 (inductiveconstructor) nil ("Issue2578.agda" . 465)) '(473 477 (inductiveconstructor) nil ("Issue2578.agda" . 249)) '(478 480 (inductiveconstructor) nil ("Issue2578.agda" . 321)))
(agda2-highlight-add-annotations '(489 494 (inductiveconstructor) nil ("Issue2578.agda" . 489)) '(497 501 (inductiveconstructor) nil ("Issue2578.agda" . 268)) '(502 504 (inductiveconstructor) nil ("Issue2578.agda" . 321)))
(agda2-highlight-add-annotations '(506 507 (function) nil ("Issue2578.agda" . 506)) '(508 509 (symbol)) '(510 515 (function) nil ("Issue2578.agda" . 345)) '(516 517 (datatype) nil ("Issue2578.agda" . 330)))
(agda2-highlight-add-annotations '(506 507 (function) nil ("Issue2578.agda" . 506)) '(518 519 (function) nil ("Issue2578.agda" . 506)) '(520 521 (symbol)) '(522 529 (inductiveconstructor) nil ("Issue2578.agda" . 388)))
(agda2-highlight-add-annotations '(531 534 (function operator) nil ("Issue2578.agda" . 531)) '(535 536 (symbol)) '(537 538 (symbol)) '(539 540 (symbol)) '(540 541 (bound) nil ("Issue2578.agda" . 540)) '(541 542 (symbol)) '(543 544 (symbol)) '(545 546 (symbol)) '(546 547 (bound) nil ("Issue2578.agda" . 546)) '(548 549 (symbol)) '(550 553 (primitivetype)) '(554 555 (bound) nil ("Issue2578.agda" . 540)) '(555 556 (symbol)) '(557 558 (symbol)) '(558 559 (bound) nil ("Issue2578.agda" . 558)) '(560 561 (symbol)) '(562 563 (bound) nil ("Issue2578.agda" . 546)) '(563 564 (symbol)) '(565 566 (symbol)) '(567 568 (bound) nil ("Issue2578.agda" . 546)))
(agda2-highlight-add-annotations '(531 534 (function operator) nil ("Issue2578.agda" . 531)) '(569 570 (bound) nil ("Issue2578.agda" . 569)) '(571 572 (function operator) nil ("Issue2578.agda" . 531)) '(573 574 (bound) nil ("Issue2578.agda" . 573)) '(575 576 (symbol)) '(577 578 (bound) nil ("Issue2578.agda" . 573)))
(agda2-highlight-add-annotations '(580 581 (function) nil ("Issue2578.agda" . 580)) '(582 583 (symbol)) '(584 588 (primitivetype)) '(699 715 (catchallclause)))
(agda2-highlight-add-annotations '(580 581 (function) nil ("Issue2578.agda" . 580)) '(589 590 (function) nil ("Issue2578.agda" . 580)) '(591 595 (keyword)) '(596 600 (function) nil ("Issue2578.agda" . 432)) '(601 602 (function operator) nil ("Issue2578.agda" . 531)) '(603 608 (inductiveconstructor) nil ("Issue2578.agda" . 489)) '(609 610 (function) nil ("Issue2578.agda" . 580)) '(611 612 (symbol)) '(613 617 (inductiveconstructor) nil ("Issue2578.agda" . 465)) '(618 619 (symbol)) '(620 623 (primitivetype)) '(624 625 (function) nil ("Issue2578.agda" . 580)) '(626 627 (symbol)) '(628 633 (inductiveconstructor) nil ("Issue2578.agda" . 489)) '(634 638 (keyword)) '(639 640 (function) nil ("Issue2578.agda" . 506)) '(641 642 (symbol)) '(643 644 (function) nil ("Issue2578.agda" . 506)) '(645 648 (symbol)) '(649 650 (symbol)) '(651 658 (inductiveconstructor) nil ("Issue2578.agda" . 388)) '(659 660 (symbol)) '(661 668 (inductiveconstructor) nil ("Issue2578.agda" . 388)) '(669 670 (symbol)) '(671 674 (primitivetype)) '(675 678 (symbol)) '(679 680 (symbol)) '(681 685 (inductiveconstructor) nil ("Issue2578.agda" . 414)) '(686 687 (bound) nil ("Issue2578.agda" . 686)) '(688 689 (symbol)) '(690 691 (symbol)) '(692 693 (symbol)) '(694 698 (symbol)) '(699 702 (catchallclause symbol)) '(702 703 (catchallclause)) '(703 704 (catchallclause symbol)) '(704 705 (catchallclause)) '(705 706 (catchallclause symbol)) '(706 707 (catchallclause)) '(707 708 (catchallclause symbol)) '(708 709 (catchallclause)) '(709 713 (catchallclause inductiveconstructor) nil ("Issue2578.agda" . 414)) '(713 714 (catchallclause)) '(714 715 (catchallclause bound) nil ("Issue2578.agda" . 714)) '(716 717 (symbol)) '(718 722 (symbol)))
(agda2-highlight-add-annotations '(699 715 (catchallclause)))
(agda2-highlight-add-annotations '(1 60 (comment)) '(61 137 (comment)) '(138 212 (comment)) '(380 387 (keyword)) '(396 397 (symbol)) '(406 413 (keyword)) '(422 423 (symbol)) '(457 464 (keyword)) '(471 472 (symbol)) '(481 488 (keyword)) '(495 496 (symbol)))
(agda2-status-action "")
(agda2-info-action "*All Goals*" "?0 : Set₁ ?1 : Set₁ " nil)
((last . 1) . (agda2-goals-action '(0 1)))
