(agda2-status-action "")
(agda2-info-action "*Type-checking*" "" nil)
(agda2-highlight-clear)
(agda2-highlight-add-annotations '(1 7 (keyword)) '(17 22 (keyword)) '(24 86 (comment)) '(87 123 (comment)))
(agda2-highlight-add-annotations '(1 7 (keyword)) '(8 16 (module) nil ("Issue936.agda" . 1)) '(17 22 (keyword)))
(agda2-highlight-add-annotations '(1 7 (keyword)) '(8 16 (module) nil ("Issue936.agda" . 1)) '(17 22 (keyword)))
(agda2-highlight-add-annotations '(24 86 (comment)) '(87 123 (comment)))
(agda2-status-action "Checked")
(agda2-info-action "*All Done*" "" nil)
((last . 1) . (agda2-goals-action '()))
