(agda2-status-action "")
(agda2-info-action "*Type-checking*" "" nil)
(agda2-highlight-clear)
(agda2-highlight-add-annotations '(1 7 (keyword)) '(21 26 (keyword)) '(28 32 (keyword)) '(35 36 (symbol)) '(37 40 (primitivetype)) '(41 46 (keyword)) '(54 55 (symbol)) '(65 66 (symbol)) '(69 70 (symbol)) '(78 79 (symbol)) '(82 83 (symbol)) '(86 87 (symbol)) '(100 101 (symbol)) '(114 115 (symbol)) '(120 121 (symbol)) '(126 127 (symbol)) '(133 134 (symbol)) '(137 138 (symbol)) '(159 160 (symbol)) '(170 171 (symbol)) '(179 180 (symbol)) '(184 185 (symbol)) '(199 200 (symbol)) '(204 205 (symbol)) '(210 211 (symbol)) '(211 212 (symbol)) '(213 214 (symbol)) '(227 228 (symbol)) '(233 234 (symbol)) '(245 246 (symbol)) '(251 252 (symbol)) '(256 257 (symbol)) '(261 262 (symbol)) '(266 267 (symbol)) '(271 272 (symbol)) '(276 277 (symbol)) '(281 282 (symbol)) '(286 287 (symbol)) '(291 292 (symbol)) '(296 297 (symbol)) '(301 302 (symbol)) '(306 307 (symbol)) '(315 316 (symbol)) '(316 317 (symbol)) '(317 318 (symbol)) '(318 319 (symbol)) '(319 320 (symbol)) '(320 321 (symbol)) '(321 322 (symbol)) '(322 323 (symbol)) '(323 324 (symbol)) '(324 325 (symbol)) '(325 326 (symbol)) '(326 327 (symbol)) '(329 338 (keyword)) '(343 344 (symbol)) '(347 348 (symbol)) '(349 352 (primitivetype)) '(357 358 (symbol)) '(362 424 (comment)) '(425 461 (comment)) '(467 468 (symbol)) '(471 472 (symbol)) '(476 477 (symbol)) '(489 490 (symbol)) '(490 491 (symbol)) '(492 493 (symbol)) '(494 498 (primitivetype)) '(505 509 (keyword)) '(521 522 (symbol)) '(523 524 (symbol)) '(525 526 (symbol)) '(527 530 (primitivetype)))
(agda2-highlight-add-annotations '(1 7 (keyword)) '(8 20 (module) nil ("With-flicker.agda" . 1)) '(21 26 (keyword)) '(33 34 (datatype) nil ("With-flicker.agda" . 33)) '(49 53 (inductiveconstructor) nil ("With-flicker.agda" . 49)) '(56 57 (datatype) nil ("With-flicker.agda" . 33)) '(60 63 (inductiveconstructor) nil ("With-flicker.agda" . 60)) '(67 68 (datatype) nil ("With-flicker.agda" . 33)) '(71 72 (datatype) nil ("With-flicker.agda" . 33)) '(74 77 (function operator) nil ("With-flicker.agda" . 74)) '(80 81 (datatype) nil ("With-flicker.agda" . 33)) '(84 85 (datatype) nil ("With-flicker.agda" . 33)) '(88 89 (datatype) nil ("With-flicker.agda" . 33)) '(90 94 (inductiveconstructor) nil ("With-flicker.agda" . 49)) '(96 97 (function operator) nil ("With-flicker.agda" . 74)) '(98 99 (bound) nil ("With-flicker.agda" . 98)) '(102 103 (bound) nil ("With-flicker.agda" . 98)) '(104 107 (inductiveconstructor) nil ("With-flicker.agda" . 60)) '(108 109 (bound) nil ("With-flicker.agda" . 108)) '(110 111 (function operator) nil ("With-flicker.agda" . 74)) '(112 113 (bound) nil ("With-flicker.agda" . 112)) '(116 119 (inductiveconstructor) nil ("With-flicker.agda" . 60)) '(121 122 (bound) nil ("With-flicker.agda" . 108)) '(123 124 (function operator) nil ("With-flicker.agda" . 74)) '(125 126 (bound) nil ("With-flicker.agda" . 112)) '(129 132 (function) nil ("With-flicker.agda" . 129)) '(135 136 (datatype) nil ("With-flicker.agda" . 33)) '(139 140 (datatype) nil ("With-flicker.agda" . 33)) '(141 144 (function) nil ("With-flicker.agda" . 129)) '(145 149 (inductiveconstructor) nil ("With-flicker.agda" . 49)) '(161 165 (inductiveconstructor) nil ("With-flicker.agda" . 49)) '(166 169 (function) nil ("With-flicker.agda" . 129)) '(171 174 (inductiveconstructor) nil ("With-flicker.agda" . 60)) '(175 179 (inductiveconstructor) nil ("With-flicker.agda" . 49)) '(186 189 (inductiveconstructor) nil ("With-flicker.agda" . 60)) '(190 194 (inductiveconstructor) nil ("With-flicker.agda" . 49)) '(195 198 (function) nil ("With-flicker.agda" . 129)) '(200 203 (inductiveconstructor) nil ("With-flicker.agda" . 60)) '(205 208 (inductiveconstructor) nil ("With-flicker.agda" . 60)) '(209 210 (bound) nil ("With-flicker.agda" . 209)) '(215 218 (function) nil ("With-flicker.agda" . 129)) '(219 220 (bound) nil ("With-flicker.agda" . 209)) '(221 222 (function operator) nil ("With-flicker.agda" . 74)) '(223 226 (function) nil ("With-flicker.agda" . 129)) '(228 231 (inductiveconstructor) nil ("With-flicker.agda" . 60)) '(232 233 (bound) nil ("With-flicker.agda" . 209)) '(236 244 (function) nil ("With-flicker.agda" . 236)) '(247 250 (inductiveconstructor) nil ("With-flicker.agda" . 60)) '(252 255 (inductiveconstructor) nil ("With-flicker.agda" . 60)) '(257 260 (inductiveconstructor) nil ("With-flicker.agda" . 60)) '(262 265 (inductiveconstructor) nil ("With-flicker.agda" . 60)) '(267 270 (inductiveconstructor) nil ("With-flicker.agda" . 60)) '(272 275 (inductiveconstructor) nil ("With-flicker.agda" . 60)) '(277 280 (inductiveconstructor) nil ("With-flicker.agda" . 60)) '(282 285 (inductiveconstructor) nil ("With-flicker.agda" . 60)) '(287 290 (inductiveconstructor) nil ("With-flicker.agda" . 60)) '(292 295 (inductiveconstructor) nil ("With-flicker.agda" . 60)) '(297 300 (inductiveconstructor) nil ("With-flicker.agda" . 60)) '(302 305 (inductiveconstructor) nil ("With-flicker.agda" . 60)) '(307 310 (inductiveconstructor) nil ("With-flicker.agda" . 60)) '(311 315 (inductiveconstructor) nil ("With-flicker.agda" . 49)) '(341 342 (postulate) nil ("With-flicker.agda" . 341)) '(345 346 (datatype) nil ("With-flicker.agda" . 33)) '(355 356 (postulate) nil ("With-flicker.agda" . 355)) '(359 360 (datatype) nil ("With-flicker.agda" . 33)) '(463 466 (function) nil ("With-flicker.agda" . 463)) '(469 470 (postulate) nil ("With-flicker.agda" . 341)) '(472 475 (function) nil ("With-flicker.agda" . 129)) '(477 485 (function) nil ("With-flicker.agda" . 236)) '(486 487 (function operator) nil ("With-flicker.agda" . 74)) '(488 489 (postulate) nil ("With-flicker.agda" . 355)) '(499 502 (function) nil ("With-flicker.agda" . 463)) '(503 504 (bound) nil ("With-flicker.agda" . 503)) '(510 514 (inductiveconstructor) nil ("With-flicker.agda" . 49)) '(515 518 (function) nil ("With-flicker.agda" . 463)) '(519 520 (bound) nil ("With-flicker.agda" . 519)))
(agda2-highlight-add-annotations '(37 40 (typechecks)))
(agda2-highlight-add-annotations '(37 40 ()))
(agda2-highlight-add-annotations '(37 40 (typechecks)))
(agda2-highlight-add-annotations '(37 40 ()))
(agda2-highlight-add-annotations '(33 34 (typechecks)))
(agda2-highlight-add-annotations '(49 57 (typechecks)))
(agda2-highlight-add-annotations '(49 56 ()))
(agda2-highlight-add-annotations '(49 56 (typechecks)))
(agda2-highlight-add-annotations '(49 57 ()))
(agda2-highlight-add-annotations '(60 72 (typechecks)))
(agda2-highlight-add-annotations '(60 67 ()))
(agda2-highlight-add-annotations '(68 72 ()))
(agda2-highlight-add-annotations '(68 72 (typechecks)))
(agda2-highlight-add-annotations '(67 71 ()))
(agda2-highlight-add-annotations '(67 71 (typechecks)))
(agda2-highlight-add-annotations '(60 67 (typechecks)))
(agda2-highlight-add-annotations '(60 72 ()))
(agda2-highlight-add-annotations '(33 34 ()))
(agda2-highlight-add-annotations '(33 34 (datatype) nil ("With-flicker.agda" . 33)) '(35 36 (symbol)) '(37 40 (primitivetype)))
(agda2-highlight-add-annotations '(28 32 (keyword)) '(33 34 (datatype) nil ("With-flicker.agda" . 33)) '(41 46 (keyword)) '(49 53 (inductiveconstructor) nil ("With-flicker.agda" . 49)) '(54 55 (symbol)) '(56 57 (datatype) nil ("With-flicker.agda" . 33)) '(60 63 (inductiveconstructor) nil ("With-flicker.agda" . 60)) '(65 66 (symbol)) '(67 68 (datatype) nil ("With-flicker.agda" . 33)) '(69 70 (symbol)) '(71 72 (datatype) nil ("With-flicker.agda" . 33)))
(agda2-highlight-add-annotations '(80 89 (typechecks)))
(agda2-highlight-add-annotations '(81 89 ()))
(agda2-highlight-add-annotations '(81 89 (typechecks)))
(agda2-highlight-add-annotations '(80 84 ()))
(agda2-highlight-add-annotations '(85 89 ()))
(agda2-highlight-add-annotations '(85 89 (typechecks)))
(agda2-highlight-add-annotations '(84 88 ()))
(agda2-highlight-add-annotations '(84 88 (typechecks)))
(agda2-highlight-add-annotations '(80 84 (typechecks)))
(agda2-highlight-add-annotations '(80 89 ()))
(agda2-highlight-add-annotations '(80 89 (typechecks)))
(agda2-highlight-add-annotations '(80 89 ()))
(agda2-highlight-add-annotations '(90 103 (typechecks)) '(104 127 (typechecks)))
(agda2-highlight-add-annotations '(90 103 ()) '(104 127 ()))
(agda2-highlight-add-annotations '(90 103 (typechecks)))
(agda2-highlight-add-annotations '(94 103 ()))
(agda2-highlight-add-annotations '(94 103 (typechecks)))
(agda2-highlight-add-annotations '(90 102 ()))
(agda2-highlight-add-annotations '(90 102 (typechecks)))
(agda2-highlight-add-annotations '(90 103 ()))
(agda2-highlight-add-annotations '(104 127 (typechecks)))
(agda2-highlight-add-annotations '(109 127 ()))
(agda2-highlight-add-annotations '(109 127 (typechecks)))
(agda2-highlight-add-annotations '(104 116 ()))
(agda2-highlight-add-annotations '(119 127 ()))
(agda2-highlight-add-annotations '(121 126 (typechecks)))
(agda2-highlight-add-annotations '(121 123 ()) '(124 126 ()))
(agda2-highlight-add-annotations '(121 123 (typechecks)) '(124 126 (typechecks)))
(agda2-highlight-add-annotations '(121 123 ()) '(124 126 ()))
(agda2-highlight-add-annotations '(121 122 (typechecks)))
(agda2-highlight-add-annotations '(121 122 ()))
(agda2-highlight-add-annotations '(125 126 (typechecks)))
(agda2-highlight-add-annotations '(125 126 ()))
(agda2-highlight-add-annotations '(121 123 (typechecks)) '(124 126 (typechecks)))
(agda2-highlight-add-annotations '(121 126 ()))
(agda2-highlight-add-annotations '(119 127 (typechecks)))
(agda2-highlight-add-annotations '(104 116 (typechecks)))
(agda2-highlight-add-annotations '(104 127 ()))
(agda2-highlight-add-annotations '(90 103 (typechecks)) '(104 127 (typechecks)))
(agda2-highlight-add-annotations '(90 103 ()) '(104 127 ()))
(agda2-highlight-add-annotations '(74 77 (function operator) nil ("With-flicker.agda" . 74)) '(78 79 (symbol)) '(80 81 (datatype) nil ("With-flicker.agda" . 33)) '(82 83 (symbol)) '(84 85 (datatype) nil ("With-flicker.agda" . 33)) '(86 87 (symbol)) '(88 89 (datatype) nil ("With-flicker.agda" . 33)))
(agda2-highlight-add-annotations '(74 77 (function operator) nil ("With-flicker.agda" . 74)) '(90 94 (inductiveconstructor) nil ("With-flicker.agda" . 49)) '(96 97 (function operator) nil ("With-flicker.agda" . 74)) '(98 99 (bound) nil ("With-flicker.agda" . 98)) '(100 101 (symbol)) '(102 103 (bound) nil ("With-flicker.agda" . 98)) '(104 107 (inductiveconstructor) nil ("With-flicker.agda" . 60)) '(108 109 (bound) nil ("With-flicker.agda" . 108)) '(110 111 (function operator) nil ("With-flicker.agda" . 74)) '(112 113 (bound) nil ("With-flicker.agda" . 112)) '(114 115 (symbol)) '(116 119 (inductiveconstructor) nil ("With-flicker.agda" . 60)) '(120 121 (symbol)) '(121 122 (bound) nil ("With-flicker.agda" . 108)) '(123 124 (function operator) nil ("With-flicker.agda" . 74)) '(125 126 (bound) nil ("With-flicker.agda" . 112)) '(126 127 (symbol)))
(agda2-highlight-add-annotations '(135 140 (typechecks)))
(agda2-highlight-add-annotations '(136 140 ()))
(agda2-highlight-add-annotations '(136 140 (typechecks)))
(agda2-highlight-add-annotations '(135 139 ()))
(agda2-highlight-add-annotations '(135 139 (typechecks)))
(agda2-highlight-add-annotations '(135 140 ()))
(agda2-highlight-add-annotations '(135 140 (typechecks)))
(agda2-highlight-add-annotations '(135 140 ()))
(agda2-highlight-add-annotations '(141 165 (typechecks)) '(166 194 (typechecks)) '(195 234 (typechecks)))
(agda2-highlight-add-annotations '(141 165 ()) '(166 194 ()) '(195 234 ()))
(agda2-highlight-add-annotations '(141 165 (typechecks)))
(agda2-highlight-add-annotations '(141 145 ()) '(149 165 ()))
(agda2-highlight-add-annotations '(141 145 (typechecks)) '(149 165 (typechecks)))
(agda2-highlight-add-annotations '(141 161 ()))
(agda2-highlight-add-annotations '(141 161 (typechecks)))
(agda2-highlight-add-annotations '(141 165 ()))
(agda2-highlight-add-annotations '(166 194 (typechecks)))
(agda2-highlight-add-annotations '(166 171 ()) '(179 194 ()))
(agda2-highlight-add-annotations '(166 171 (typechecks)) '(179 194 (typechecks)))
(agda2-highlight-add-annotations '(166 175 ()) '(179 194 ()))
(agda2-highlight-add-annotations '(166 175 (typechecks)) '(179 194 (typechecks)))
(agda2-highlight-add-annotations '(166 186 ()))
(agda2-highlight-add-annotations '(189 194 ()))
(agda2-highlight-add-annotations '(190 194 (typechecks)))
(agda2-highlight-add-annotations '(190 194 ()))
(agda2-highlight-add-annotations '(189 194 (typechecks)))
(agda2-highlight-add-annotations '(166 186 (typechecks)))
(agda2-highlight-add-annotations '(166 194 ()))
(agda2-highlight-add-annotations '(195 234 (typechecks)))
(agda2-highlight-add-annotations '(195 200 ()) '(210 234 ()))
(agda2-highlight-add-annotations '(195 200 (typechecks)) '(210 234 (typechecks)))
(agda2-highlight-add-annotations '(195 205 ()) '(210 234 ()))
(agda2-highlight-add-annotations '(195 205 (typechecks)) '(210 234 (typechecks)))
(agda2-highlight-add-annotations '(195 215 ()))
(agda2-highlight-add-annotations '(215 221 ()) '(222 234 ()))
(agda2-highlight-add-annotations '(215 221 (typechecks)) '(222 234 (typechecks)))
(agda2-highlight-add-annotations '(215 221 ()) '(222 234 ()))
(agda2-highlight-add-annotations '(215 220 (typechecks)))
(agda2-highlight-add-annotations '(218 220 ()))
(agda2-highlight-add-annotations '(218 220 (typechecks)))
(agda2-highlight-add-annotations '(218 220 ()))
(agda2-highlight-add-annotations '(219 220 (typechecks)))
(agda2-highlight-add-annotations '(219 220 ()))
(agda2-highlight-add-annotations '(218 220 (typechecks)))
(agda2-highlight-add-annotations '(215 220 ()))
(agda2-highlight-add-annotations '(223 234 (typechecks)))
(agda2-highlight-add-annotations '(226 234 ()))
(agda2-highlight-add-annotations '(226 234 (typechecks)))
(agda2-highlight-add-annotations '(226 234 ()))
(agda2-highlight-add-annotations '(228 233 (typechecks)))
(agda2-highlight-add-annotations '(231 233 ()))
(agda2-highlight-add-annotations '(232 233 (typechecks)))
(agda2-highlight-add-annotations '(232 233 ()))
(agda2-highlight-add-annotations '(231 233 (typechecks)))
(agda2-highlight-add-annotations '(228 233 ()))
(agda2-highlight-add-annotations '(226 234 (typechecks)))
(agda2-highlight-add-annotations '(223 234 ()))
(agda2-highlight-add-annotations '(215 221 (typechecks)) '(222 234 (typechecks)))
(agda2-highlight-add-annotations '(195 215 (typechecks)))
(agda2-highlight-add-annotations '(195 234 ()))
(agda2-highlight-add-annotations '(141 165 (typechecks)) '(166 194 (typechecks)) '(195 234 (typechecks)))
(agda2-highlight-add-annotations '(141 165 ()) '(166 194 ()) '(195 234 ()))
(agda2-highlight-add-annotations '(129 132 (function) nil ("With-flicker.agda" . 129)) '(133 134 (symbol)) '(135 136 (datatype) nil ("With-flicker.agda" . 33)) '(137 138 (symbol)) '(139 140 (datatype) nil ("With-flicker.agda" . 33)))
(agda2-highlight-add-annotations '(129 132 (function) nil ("With-flicker.agda" . 129)) '(141 144 (function) nil ("With-flicker.agda" . 129)) '(145 149 (inductiveconstructor) nil ("With-flicker.agda" . 49)) '(159 160 (symbol)) '(161 165 (inductiveconstructor) nil ("With-flicker.agda" . 49)) '(166 169 (function) nil ("With-flicker.agda" . 129)) '(170 171 (symbol)) '(171 174 (inductiveconstructor) nil ("With-flicker.agda" . 60)) '(175 179 (inductiveconstructor) nil ("With-flicker.agda" . 49)) '(179 180 (symbol)) '(184 185 (symbol)) '(186 189 (inductiveconstructor) nil ("With-flicker.agda" . 60)) '(190 194 (inductiveconstructor) nil ("With-flicker.agda" . 49)) '(195 198 (function) nil ("With-flicker.agda" . 129)) '(199 200 (symbol)) '(200 203 (inductiveconstructor) nil ("With-flicker.agda" . 60)) '(204 205 (symbol)) '(205 208 (inductiveconstructor) nil ("With-flicker.agda" . 60)) '(209 210 (bound) nil ("With-flicker.agda" . 209)) '(210 211 (symbol)) '(211 212 (symbol)) '(213 214 (symbol)) '(215 218 (function) nil ("With-flicker.agda" . 129)) '(219 220 (bound) nil ("With-flicker.agda" . 209)) '(221 222 (function operator) nil ("With-flicker.agda" . 74)) '(223 226 (function) nil ("With-flicker.agda" . 129)) '(227 228 (symbol)) '(228 231 (inductiveconstructor) nil ("With-flicker.agda" . 60)) '(232 233 (bound) nil ("With-flicker.agda" . 209)) '(233 234 (symbol)))
(agda2-highlight-add-annotations '(236 244 (typechecks)))
(agda2-highlight-add-annotations '(236 244 ()))
(agda2-highlight-add-annotations '(236 244 (typechecks)))
(agda2-highlight-add-annotations '(236 244 ()))
(agda2-highlight-add-annotations '(236 327 (typechecks)))
(agda2-highlight-add-annotations '(236 247 ()))
(agda2-highlight-add-annotations '(250 327 ()))
(agda2-highlight-add-annotations '(250 327 (typechecks)))
(agda2-highlight-add-annotations '(250 327 ()))
(agda2-highlight-add-annotations '(252 326 (typechecks)))
(agda2-highlight-add-annotations '(255 326 ()))
(agda2-highlight-add-annotations '(257 325 (typechecks)))
(agda2-highlight-add-annotations '(260 325 ()))
(agda2-highlight-add-annotations '(262 324 (typechecks)))
(agda2-highlight-add-annotations '(265 324 ()))
(agda2-highlight-add-annotations '(267 323 (typechecks)))
(agda2-highlight-add-annotations '(270 323 ()))
(agda2-highlight-add-annotations '(272 322 (typechecks)))
(agda2-highlight-add-annotations '(275 322 ()))
(agda2-highlight-add-annotations '(277 321 (typechecks)))
(agda2-highlight-add-annotations '(280 321 ()))
(agda2-highlight-add-annotations '(282 320 (typechecks)))
(agda2-highlight-add-annotations '(285 320 ()))
(agda2-highlight-add-annotations '(287 319 (typechecks)))
(agda2-highlight-add-annotations '(290 319 ()))
(agda2-highlight-add-annotations '(292 318 (typechecks)))
(agda2-highlight-add-annotations '(295 318 ()))
(agda2-highlight-add-annotations '(297 317 (typechecks)))
(agda2-highlight-add-annotations '(300 317 ()))
(agda2-highlight-add-annotations '(302 316 (typechecks)))
(agda2-highlight-add-annotations '(305 316 ()))
(agda2-highlight-add-annotations '(307 315 (typechecks)))
(agda2-highlight-add-annotations '(310 315 ()))
(agda2-highlight-add-annotations '(311 315 (typechecks)))
(agda2-highlight-add-annotations '(311 315 ()))
(agda2-highlight-add-annotations '(310 315 (typechecks)))
(agda2-highlight-add-annotations '(307 315 ()))
(agda2-highlight-add-annotations '(305 316 (typechecks)))
(agda2-highlight-add-annotations '(302 316 ()))
(agda2-highlight-add-annotations '(300 317 (typechecks)))
(agda2-highlight-add-annotations '(297 317 ()))
(agda2-highlight-add-annotations '(295 318 (typechecks)))
(agda2-highlight-add-annotations '(292 318 ()))
(agda2-highlight-add-annotations '(290 319 (typechecks)))
(agda2-highlight-add-annotations '(287 319 ()))
(agda2-highlight-add-annotations '(285 320 (typechecks)))
(agda2-highlight-add-annotations '(282 320 ()))
(agda2-highlight-add-annotations '(280 321 (typechecks)))
(agda2-highlight-add-annotations '(277 321 ()))
(agda2-highlight-add-annotations '(275 322 (typechecks)))
(agda2-highlight-add-annotations '(272 322 ()))
(agda2-highlight-add-annotations '(270 323 (typechecks)))
(agda2-highlight-add-annotations '(267 323 ()))
(agda2-highlight-add-annotations '(265 324 (typechecks)))
(agda2-highlight-add-annotations '(262 324 ()))
(agda2-highlight-add-annotations '(260 325 (typechecks)))
(agda2-highlight-add-annotations '(257 325 ()))
(agda2-highlight-add-annotations '(255 326 (typechecks)))
(agda2-highlight-add-annotations '(252 326 ()))
(agda2-highlight-add-annotations '(250 327 (typechecks)))
(agda2-highlight-add-annotations '(236 247 (typechecks)))
(agda2-highlight-add-annotations '(236 327 ()))
(agda2-highlight-add-annotations '(236 244 (function) nil ("With-flicker.agda" . 236)))
(agda2-highlight-add-annotations '(236 244 (function) nil ("With-flicker.agda" . 236)) '(245 246 (symbol)) '(247 250 (inductiveconstructor) nil ("With-flicker.agda" . 60)) '(251 252 (symbol)) '(252 255 (inductiveconstructor) nil ("With-flicker.agda" . 60)) '(256 257 (symbol)) '(257 260 (inductiveconstructor) nil ("With-flicker.agda" . 60)) '(261 262 (symbol)) '(262 265 (inductiveconstructor) nil ("With-flicker.agda" . 60)) '(266 267 (symbol)) '(267 270 (inductiveconstructor) nil ("With-flicker.agda" . 60)) '(271 272 (symbol)) '(272 275 (inductiveconstructor) nil ("With-flicker.agda" . 60)) '(276 277 (symbol)) '(277 280 (inductiveconstructor) nil ("With-flicker.agda" . 60)) '(281 282 (symbol)) '(282 285 (inductiveconstructor) nil ("With-flicker.agda" . 60)) '(286 287 (symbol)) '(287 290 (inductiveconstructor) nil ("With-flicker.agda" . 60)) '(291 292 (symbol)) '(292 295 (inductiveconstructor) nil ("With-flicker.agda" . 60)) '(296 297 (symbol)) '(297 300 (inductiveconstructor) nil ("With-flicker.agda" . 60)) '(301 302 (symbol)) '(302 305 (inductiveconstructor) nil ("With-flicker.agda" . 60)) '(306 307 (symbol)) '(307 310 (inductiveconstructor) nil ("With-flicker.agda" . 60)) '(311 315 (inductiveconstructor) nil ("With-flicker.agda" . 49)) '(315 316 (symbol)) '(316 317 (symbol)) '(317 318 (symbol)) '(318 319 (symbol)) '(319 320 (symbol)) '(320 321 (symbol)) '(321 322 (symbol)) '(322 323 (symbol)) '(323 324 (symbol)) '(324 325 (symbol)) '(325 326 (symbol)) '(326 327 (symbol)))
(agda2-highlight-add-annotations '(345 352 (typechecks)))
(agda2-highlight-add-annotations '(346 352 ()))
(agda2-highlight-add-annotations '(346 352 (typechecks)))
(agda2-highlight-add-annotations '(345 349 ()))
(agda2-highlight-add-annotations '(345 349 (typechecks)))
(agda2-highlight-add-annotations '(345 352 ()))
(agda2-highlight-add-annotations '(345 352 (typechecks)))
(agda2-highlight-add-annotations '(345 352 ()))
(agda2-highlight-add-annotations '(341 342 (postulate) nil ("With-flicker.agda" . 341)) '(343 344 (symbol)) '(345 346 (datatype) nil ("With-flicker.agda" . 33)) '(347 348 (symbol)) '(349 352 (primitivetype)))
(agda2-highlight-add-annotations '(359 360 (typechecks)))
(agda2-highlight-add-annotations '(359 360 ()))
(agda2-highlight-add-annotations '(359 360 (typechecks)))
(agda2-highlight-add-annotations '(359 360 ()))
(agda2-highlight-add-annotations '(355 356 (postulate) nil ("With-flicker.agda" . 355)) '(357 358 (symbol)) '(359 360 (datatype) nil ("With-flicker.agda" . 33)))
(agda2-highlight-add-annotations '(469 498 (typechecks)))
(agda2-highlight-add-annotations '(491 498 ()))
(agda2-highlight-add-annotations '(470 491 ()))
(agda2-highlight-add-annotations '(470 491 (typechecks)))
(agda2-highlight-add-annotations '(470 491 ()))
(agda2-highlight-add-annotations '(472 490 (typechecks)))
(agda2-highlight-add-annotations '(475 490 ()))
(agda2-highlight-add-annotations '(475 490 (typechecks)))
(agda2-highlight-add-annotations '(475 490 ()))
(agda2-highlight-add-annotations '(477 489 (typechecks)))
(agda2-highlight-add-annotations '(477 486 ()) '(487 489 ()))
(agda2-highlight-add-annotations '(477 486 (typechecks)) '(487 489 (typechecks)))
(agda2-highlight-add-annotations '(477 486 ()) '(487 489 ()))
(agda2-highlight-add-annotations '(477 485 (typechecks)))
(agda2-highlight-add-annotations '(477 485 ()))
(agda2-highlight-add-annotations '(488 489 (typechecks)))
(agda2-highlight-add-annotations '(488 489 ()))
(agda2-highlight-add-annotations '(477 486 (typechecks)) '(487 489 (typechecks)))
(agda2-highlight-add-annotations '(477 489 ()))
(agda2-highlight-add-annotations '(475 490 (typechecks)))
(agda2-highlight-add-annotations '(472 490 ()))
(agda2-highlight-add-annotations '(470 491 (typechecks)))
(agda2-highlight-add-annotations '(491 498 (typechecks)))
(agda2-highlight-add-annotations '(469 494 ()))
(agda2-highlight-add-annotations '(469 494 (typechecks)))
(agda2-highlight-add-annotations '(469 498 ()))
(agda2-highlight-add-annotations '(469 498 (typechecks)))
(agda2-highlight-add-annotations '(469 498 ()))
(agda2-highlight-add-annotations '(499 514 (typechecks)) '(515 530 (typechecks)))
(agda2-highlight-add-annotations '(499 514 ()) '(515 530 ()))
(agda2-highlight-add-annotations '(499 514 (typechecks)) '(515 530 (typechecks)))
(agda2-highlight-add-annotations '(499 510 ()) '(515 530 ()))
(agda2-highlight-add-annotations '(499 510 (typechecks)) '(515 530 (typechecks)))
(agda2-highlight-add-annotations '(499 514 ()) '(515 530 ()))
(agda2-highlight-add-annotations '(499 514 (typechecks)) '(515 530 (typechecks)))
(agda2-highlight-add-annotations '(499 514 ()))
(agda2-highlight-add-annotations '(515 530 ()))
(agda2-highlight-add-annotations '(515 530 (typechecks)))
(agda2-highlight-add-annotations '(515 527 ()))
(agda2-highlight-add-annotations '(515 527 (typechecks)))
(agda2-highlight-add-annotations '(515 530 ()))
(agda2-highlight-add-annotations '(515 530 (typechecks)))
(agda2-highlight-add-annotations '(499 514 (typechecks)))
(agda2-highlight-add-annotations '(499 514 ()) '(515 530 ()))
(agda2-highlight-add-annotations '(499 514 (typechecks)) '(515 530 (typechecks)))
(agda2-highlight-add-annotations '(499 514 ()) '(515 530 ()))
(agda2-highlight-add-annotations '(463 466 (function) nil ("With-flicker.agda" . 463)) '(467 468 (symbol)) '(469 470 (postulate) nil ("With-flicker.agda" . 341)) '(471 472 (symbol)) '(472 475 (function) nil ("With-flicker.agda" . 129)) '(476 477 (symbol)) '(477 485 (function) nil ("With-flicker.agda" . 236)) '(486 487 (function operator) nil ("With-flicker.agda" . 74)) '(488 489 (postulate) nil ("With-flicker.agda" . 355)) '(489 490 (symbol)) '(490 491 (symbol)) '(492 493 (symbol)) '(494 498 (primitivetype)))
(agda2-highlight-add-annotations '(463 466 (function) nil ("With-flicker.agda" . 463)) '(499 502 (function) nil ("With-flicker.agda" . 463)) '(503 504 (bound) nil ("With-flicker.agda" . 503)) '(505 509 (keyword)) '(510 514 (inductiveconstructor) nil ("With-flicker.agda" . 49)) '(515 518 (function) nil ("With-flicker.agda" . 463)) '(519 520 (bound) nil ("With-flicker.agda" . 519)) '(521 522 (symbol)) '(523 524 (symbol)) '(525 526 (symbol)) '(527 530 (primitivetype)))
(agda2-highlight-add-annotations '(1 7 (keyword)) '(8 20 (module) nil ("With-flicker.agda" . 1)) '(21 26 (keyword)))
(agda2-highlight-add-annotations '(329 338 (keyword)) '(362 424 (comment)) '(425 461 (comment)))
(agda2-status-action "Checked")
(agda2-info-action "*All Done*" "" nil)
((last . 1) . (agda2-goals-action '()))
